Copyright 1986-2022 Xilinx, Inc. All Rights Reserved. Copyright 2022-2024 Advanced Micro Devices, Inc. All Rights Reserved.
--------------------------------------------------------------------------------------------------------------------------------------------------
| Tool Version      : Vivado v.2024.1 (win64) Build 5076996 Wed May 22 18:37:14 MDT 2024
| Date              : Sun Jun 28 23:21:43 2026
| Host              : lab running 64-bit major release  (build 9200)
| Command           : report_timing -setup -nworst 20 -file D:/WorkSpace/its_vvc/synth/top_500_singleclk_timing_setup_paths_usp.rpt
| Design            : its_top_500_singleclk
| Device            : xcku5p-ffvb676
| Speed File        : -2  PRODUCTION 1.29 05-01-2022
| Design State      : Physopt postRoute
| Temperature Grade : E
--------------------------------------------------------------------------------------------------------------------------------------------------

Timing Report

Slack (MET) :             0.053ns  (required time - arrival time)
  Source:                 u_wrapper/u_core/u_shared_rom/coeff_reg_1/CLKARDCLK
                            (rising edge-triggered cell RAMB36E2 clocked by clk  {rise@0.000ns fall@1.000ns period=2.000ns})
  Destination:            u_wrapper/u_core/u_shared_engine/coeff_buf_reg_r3_64_127_7_13/RAMF/I
                            (rising edge-triggered cell RAMD64E clocked by clk  {rise@0.000ns fall@1.000ns period=2.000ns})
  Path Group:             clk
  Path Type:              Setup (Max at Slow Process Corner)
  Requirement:            2.000ns  (clk rise@2.000ns - clk rise@0.000ns)
  Data Path Delay:        1.822ns  (logic 0.960ns (52.698%)  route 0.862ns (47.302%))
  Logic Levels:           0  
  Clock Path Skew:        -0.033ns (DCD - SCD + CPR)
    Destination Clock Delay (DCD):    0.043ns = ( 2.043 - 2.000 ) 
    Source Clock Delay      (SCD):    0.076ns
    Clock Pessimism Removal (CPR):    0.000ns
  Clock Uncertainty:      0.035ns  ((TSJ^2 + TIJ^2)^1/2 + DJ) / 2 + PE
    Total System Jitter     (TSJ):    0.071ns
    Total Input Jitter      (TIJ):    0.000ns
    Discrete Jitter          (DJ):    0.000ns
    Phase Error              (PE):    0.000ns

    Location             Delay type                Incr(ns)  Path(ns)    Netlist Resource(s)
  -------------------------------------------------------------------    -------------------
                         (clock clk rise edge)        0.000     0.000 r  
                                                      0.000     0.000 r  clk (IN)
                         net (fo=2704, unset)         0.076     0.076    u_wrapper/u_core/u_shared_rom/clk
    RAMB36_X5Y30         RAMB36E2                                     r  u_wrapper/u_core/u_shared_rom/coeff_reg_1/CLKARDCLK
  -------------------------------------------------------------------    -------------------
    RAMB36_X5Y30         RAMB36E2 (Prop_RAMB36E2_RAMB36_CLKARDCLK_DOUTADOUT[3])
                                                      0.960     1.036 r  u_wrapper/u_core/u_shared_rom/coeff_reg_1/DOUTADOUT[3]
                         net (fo=117, routed)         0.862     1.898    u_wrapper/u_core/u_shared_engine/coeff_buf_reg_r3_64_127_7_13/DIF
    SLICE_X71Y148        RAMD64E                                      r  u_wrapper/u_core/u_shared_engine/coeff_buf_reg_r3_64_127_7_13/RAMF/I
  -------------------------------------------------------------------    -------------------

                         (clock clk rise edge)        2.000     2.000 r  
                                                      0.000     2.000 r  clk (IN)
                         net (fo=2704, unset)         0.043     2.043    u_wrapper/u_core/u_shared_engine/coeff_buf_reg_r3_64_127_7_13/WCLK
    SLICE_X71Y148        RAMD64E                                      r  u_wrapper/u_core/u_shared_engine/coeff_buf_reg_r3_64_127_7_13/RAMF/CLK
                         clock pessimism              0.000     2.043    
                         clock uncertainty           -0.035     2.008    
    SLICE_X71Y148        RAMD64E (Setup_F6LUT_SLICEM_CLK_I)
                                                     -0.057     1.951    u_wrapper/u_core/u_shared_engine/coeff_buf_reg_r3_64_127_7_13/RAMF
  -------------------------------------------------------------------
                         required time                          1.951    
                         arrival time                          -1.898    
  -------------------------------------------------------------------
                         slack                                  0.053    

Slack (MET) :             0.053ns  (required time - arrival time)
  Source:                 u_wrapper/u_core/u_shared_rom/coeff_reg_1/CLKARDCLK
                            (rising edge-triggered cell RAMB36E2 clocked by clk  {rise@0.000ns fall@1.000ns period=2.000ns})
  Destination:            u_wrapper/u_core/u_shared_engine/coeff_buf_reg_r3_64_127_7_13/RAMF/I
                            (rising edge-triggered cell RAMD64E clocked by clk  {rise@0.000ns fall@1.000ns period=2.000ns})
  Path Group:             clk
  Path Type:              Setup (Max at Slow Process Corner)
  Requirement:            2.000ns  (clk rise@2.000ns - clk rise@0.000ns)
  Data Path Delay:        1.822ns  (logic 0.960ns (52.698%)  route 0.862ns (47.302%))
  Logic Levels:           0  
  Clock Path Skew:        -0.033ns (DCD - SCD + CPR)
    Destination Clock Delay (DCD):    0.043ns = ( 2.043 - 2.000 ) 
    Source Clock Delay      (SCD):    0.076ns
    Clock Pessimism Removal (CPR):    0.000ns
  Clock Uncertainty:      0.035ns  ((TSJ^2 + TIJ^2)^1/2 + DJ) / 2 + PE
    Total System Jitter     (TSJ):    0.071ns
    Total Input Jitter      (TIJ):    0.000ns
    Discrete Jitter          (DJ):    0.000ns
    Phase Error              (PE):    0.000ns

    Location             Delay type                Incr(ns)  Path(ns)    Netlist Resource(s)
  -------------------------------------------------------------------    -------------------
                         (clock clk rise edge)        0.000     0.000 r  
                                                      0.000     0.000 r  clk (IN)
                         net (fo=2704, unset)         0.076     0.076    u_wrapper/u_core/u_shared_rom/clk
    RAMB36_X5Y30         RAMB36E2                                     r  u_wrapper/u_core/u_shared_rom/coeff_reg_1/CLKARDCLK
  -------------------------------------------------------------------    -------------------
    RAMB36_X5Y30         RAMB36E2 (Prop_RAMB36E2_RAMB36_CLKARDCLK_DOUTADOUT[3])
                                                      0.960     1.036 f  u_wrapper/u_core/u_shared_rom/coeff_reg_1/DOUTADOUT[3]
                         net (fo=117, routed)         0.862     1.898    u_wrapper/u_core/u_shared_engine/coeff_buf_reg_r3_64_127_7_13/DIF
    SLICE_X71Y148        RAMD64E                                      f  u_wrapper/u_core/u_shared_engine/coeff_buf_reg_r3_64_127_7_13/RAMF/I
  -------------------------------------------------------------------    -------------------

                         (clock clk rise edge)        2.000     2.000 r  
                                                      0.000     2.000 r  clk (IN)
                         net (fo=2704, unset)         0.043     2.043    u_wrapper/u_core/u_shared_engine/coeff_buf_reg_r3_64_127_7_13/WCLK
    SLICE_X71Y148        RAMD64E                                      r  u_wrapper/u_core/u_shared_engine/coeff_buf_reg_r3_64_127_7_13/RAMF/CLK
                         clock pessimism              0.000     2.043    
                         clock uncertainty           -0.035     2.008    
    SLICE_X71Y148        RAMD64E (Setup_F6LUT_SLICEM_CLK_I)
                                                     -0.057     1.951    u_wrapper/u_core/u_shared_engine/coeff_buf_reg_r3_64_127_7_13/RAMF
  -------------------------------------------------------------------
                         required time                          1.951    
                         arrival time                          -1.898    
  -------------------------------------------------------------------
                         slack                                  0.053    

Slack (MET) :             0.054ns  (required time - arrival time)
  Source:                 u_wrapper/u_core/u_shared_rom/coeff_reg_1/CLKARDCLK
                            (rising edge-triggered cell RAMB36E2 clocked by clk  {rise@0.000ns fall@1.000ns period=2.000ns})
  Destination:            u_wrapper/u_core/u_shared_engine/coeff_buf_reg_r3_64_127_7_13/RAME/I
                            (rising edge-triggered cell RAMD64E clocked by clk  {rise@0.000ns fall@1.000ns period=2.000ns})
  Path Group:             clk
  Path Type:              Setup (Max at Slow Process Corner)
  Requirement:            2.000ns  (clk rise@2.000ns - clk rise@0.000ns)
  Data Path Delay:        1.821ns  (logic 0.960ns (52.727%)  route 0.861ns (47.273%))
  Logic Levels:           0  
  Clock Path Skew:        -0.033ns (DCD - SCD + CPR)
    Destination Clock Delay (DCD):    0.043ns = ( 2.043 - 2.000 ) 
    Source Clock Delay      (SCD):    0.076ns
    Clock Pessimism Removal (CPR):    0.000ns
  Clock Uncertainty:      0.035ns  ((TSJ^2 + TIJ^2)^1/2 + DJ) / 2 + PE
    Total System Jitter     (TSJ):    0.071ns
    Total Input Jitter      (TIJ):    0.000ns
    Discrete Jitter          (DJ):    0.000ns
    Phase Error              (PE):    0.000ns

    Location             Delay type                Incr(ns)  Path(ns)    Netlist Resource(s)
  -------------------------------------------------------------------    -------------------
                         (clock clk rise edge)        0.000     0.000 r  
                                                      0.000     0.000 r  clk (IN)
                         net (fo=2704, unset)         0.076     0.076    u_wrapper/u_core/u_shared_rom/clk
    RAMB36_X5Y30         RAMB36E2                                     r  u_wrapper/u_core/u_shared_rom/coeff_reg_1/CLKARDCLK
  -------------------------------------------------------------------    -------------------
    RAMB36_X5Y30         RAMB36E2 (Prop_RAMB36E2_RAMB36_CLKARDCLK_DOUTADOUT[3])
                                                      0.960     1.036 r  u_wrapper/u_core/u_shared_rom/coeff_reg_1/DOUTADOUT[3]
                         net (fo=117, routed)         0.861     1.897    u_wrapper/u_core/u_shared_engine/coeff_buf_reg_r3_64_127_7_13/DIE
    SLICE_X71Y148        RAMD64E                                      r  u_wrapper/u_core/u_shared_engine/coeff_buf_reg_r3_64_127_7_13/RAME/I
  -------------------------------------------------------------------    -------------------

                         (clock clk rise edge)        2.000     2.000 r  
                                                      0.000     2.000 r  clk (IN)
                         net (fo=2704, unset)         0.043     2.043    u_wrapper/u_core/u_shared_engine/coeff_buf_reg_r3_64_127_7_13/WCLK
    SLICE_X71Y148        RAMD64E                                      r  u_wrapper/u_core/u_shared_engine/coeff_buf_reg_r3_64_127_7_13/RAME/CLK
                         clock pessimism              0.000     2.043    
                         clock uncertainty           -0.035     2.008    
    SLICE_X71Y148        RAMD64E (Setup_E6LUT_SLICEM_CLK_I)
                                                     -0.057     1.951    u_wrapper/u_core/u_shared_engine/coeff_buf_reg_r3_64_127_7_13/RAME
  -------------------------------------------------------------------
                         required time                          1.951    
                         arrival time                          -1.897    
  -------------------------------------------------------------------
                         slack                                  0.054    

Slack (MET) :             0.054ns  (required time - arrival time)
  Source:                 u_wrapper/u_core/u_shared_rom/coeff_reg_1/CLKARDCLK
                            (rising edge-triggered cell RAMB36E2 clocked by clk  {rise@0.000ns fall@1.000ns period=2.000ns})
  Destination:            u_wrapper/u_core/u_shared_engine/coeff_buf_reg_r3_64_127_7_13/RAME/I
                            (rising edge-triggered cell RAMD64E clocked by clk  {rise@0.000ns fall@1.000ns period=2.000ns})
  Path Group:             clk
  Path Type:              Setup (Max at Slow Process Corner)
  Requirement:            2.000ns  (clk rise@2.000ns - clk rise@0.000ns)
  Data Path Delay:        1.821ns  (logic 0.960ns (52.727%)  route 0.861ns (47.273%))
  Logic Levels:           0  
  Clock Path Skew:        -0.033ns (DCD - SCD + CPR)
    Destination Clock Delay (DCD):    0.043ns = ( 2.043 - 2.000 ) 
    Source Clock Delay      (SCD):    0.076ns
    Clock Pessimism Removal (CPR):    0.000ns
  Clock Uncertainty:      0.035ns  ((TSJ^2 + TIJ^2)^1/2 + DJ) / 2 + PE
    Total System Jitter     (TSJ):    0.071ns
    Total Input Jitter      (TIJ):    0.000ns
    Discrete Jitter          (DJ):    0.000ns
    Phase Error              (PE):    0.000ns

    Location             Delay type                Incr(ns)  Path(ns)    Netlist Resource(s)
  -------------------------------------------------------------------    -------------------
                         (clock clk rise edge)        0.000     0.000 r  
                                                      0.000     0.000 r  clk (IN)
                         net (fo=2704, unset)         0.076     0.076    u_wrapper/u_core/u_shared_rom/clk
    RAMB36_X5Y30         RAMB36E2                                     r  u_wrapper/u_core/u_shared_rom/coeff_reg_1/CLKARDCLK
  -------------------------------------------------------------------    -------------------
    RAMB36_X5Y30         RAMB36E2 (Prop_RAMB36E2_RAMB36_CLKARDCLK_DOUTADOUT[3])
                                                      0.960     1.036 f  u_wrapper/u_core/u_shared_rom/coeff_reg_1/DOUTADOUT[3]
                         net (fo=117, routed)         0.861     1.897    u_wrapper/u_core/u_shared_engine/coeff_buf_reg_r3_64_127_7_13/DIE
    SLICE_X71Y148        RAMD64E                                      f  u_wrapper/u_core/u_shared_engine/coeff_buf_reg_r3_64_127_7_13/RAME/I
  -------------------------------------------------------------------    -------------------

                         (clock clk rise edge)        2.000     2.000 r  
                                                      0.000     2.000 r  clk (IN)
                         net (fo=2704, unset)         0.043     2.043    u_wrapper/u_core/u_shared_engine/coeff_buf_reg_r3_64_127_7_13/WCLK
    SLICE_X71Y148        RAMD64E                                      r  u_wrapper/u_core/u_shared_engine/coeff_buf_reg_r3_64_127_7_13/RAME/CLK
                         clock pessimism              0.000     2.043    
                         clock uncertainty           -0.035     2.008    
    SLICE_X71Y148        RAMD64E (Setup_E6LUT_SLICEM_CLK_I)
                                                     -0.057     1.951    u_wrapper/u_core/u_shared_engine/coeff_buf_reg_r3_64_127_7_13/RAME
  -------------------------------------------------------------------
                         required time                          1.951    
                         arrival time                          -1.897    
  -------------------------------------------------------------------
                         slack                                  0.054    

Slack (MET) :             0.089ns  (required time - arrival time)
  Source:                 u_wrapper/u_core/u_shared_rom/coeff_reg_1/CLKARDCLK
                            (rising edge-triggered cell RAMB36E2 clocked by clk  {rise@0.000ns fall@1.000ns period=2.000ns})
  Destination:            u_wrapper/u_core/u_shared_engine/coeff_buf_reg_r3_64_127_7_13/RAMD/I
                            (rising edge-triggered cell RAMD64E clocked by clk  {rise@0.000ns fall@1.000ns period=2.000ns})
  Path Group:             clk
  Path Type:              Setup (Max at Slow Process Corner)
  Requirement:            2.000ns  (clk rise@2.000ns - clk rise@0.000ns)
  Data Path Delay:        1.785ns  (logic 0.960ns (53.784%)  route 0.825ns (46.216%))
  Logic Levels:           0  
  Clock Path Skew:        -0.033ns (DCD - SCD + CPR)
    Destination Clock Delay (DCD):    0.043ns = ( 2.043 - 2.000 ) 
    Source Clock Delay      (SCD):    0.076ns
    Clock Pessimism Removal (CPR):    0.000ns
  Clock Uncertainty:      0.035ns  ((TSJ^2 + TIJ^2)^1/2 + DJ) / 2 + PE
    Total System Jitter     (TSJ):    0.071ns
    Total Input Jitter      (TIJ):    0.000ns
    Discrete Jitter          (DJ):    0.000ns
    Phase Error              (PE):    0.000ns

    Location             Delay type                Incr(ns)  Path(ns)    Netlist Resource(s)
  -------------------------------------------------------------------    -------------------
                         (clock clk rise edge)        0.000     0.000 r  
                                                      0.000     0.000 r  clk (IN)
                         net (fo=2704, unset)         0.076     0.076    u_wrapper/u_core/u_shared_rom/clk
    RAMB36_X5Y30         RAMB36E2                                     r  u_wrapper/u_core/u_shared_rom/coeff_reg_1/CLKARDCLK
  -------------------------------------------------------------------    -------------------
    RAMB36_X5Y30         RAMB36E2 (Prop_RAMB36E2_RAMB36_CLKARDCLK_DOUTADOUT[3])
                                                      0.960     1.036 r  u_wrapper/u_core/u_shared_rom/coeff_reg_1/DOUTADOUT[3]
                         net (fo=117, routed)         0.825     1.861    u_wrapper/u_core/u_shared_engine/coeff_buf_reg_r3_64_127_7_13/DID
    SLICE_X71Y148        RAMD64E                                      r  u_wrapper/u_core/u_shared_engine/coeff_buf_reg_r3_64_127_7_13/RAMD/I
  -------------------------------------------------------------------    -------------------

                         (clock clk rise edge)        2.000     2.000 r  
                                                      0.000     2.000 r  clk (IN)
                         net (fo=2704, unset)         0.043     2.043    u_wrapper/u_core/u_shared_engine/coeff_buf_reg_r3_64_127_7_13/WCLK
    SLICE_X71Y148        RAMD64E                                      r  u_wrapper/u_core/u_shared_engine/coeff_buf_reg_r3_64_127_7_13/RAMD/CLK
                         clock pessimism              0.000     2.043    
                         clock uncertainty           -0.035     2.008    
    SLICE_X71Y148        RAMD64E (Setup_D6LUT_SLICEM_CLK_I)
                                                     -0.058     1.950    u_wrapper/u_core/u_shared_engine/coeff_buf_reg_r3_64_127_7_13/RAMD
  -------------------------------------------------------------------
                         required time                          1.950    
                         arrival time                          -1.861    
  -------------------------------------------------------------------
                         slack                                  0.089    

Slack (MET) :             0.089ns  (required time - arrival time)
  Source:                 u_wrapper/u_core/u_shared_rom/coeff_reg_1/CLKARDCLK
                            (rising edge-triggered cell RAMB36E2 clocked by clk  {rise@0.000ns fall@1.000ns period=2.000ns})
  Destination:            u_wrapper/u_core/u_shared_engine/coeff_buf_reg_r3_64_127_7_13/RAMD/I
                            (rising edge-triggered cell RAMD64E clocked by clk  {rise@0.000ns fall@1.000ns period=2.000ns})
  Path Group:             clk
  Path Type:              Setup (Max at Slow Process Corner)
  Requirement:            2.000ns  (clk rise@2.000ns - clk rise@0.000ns)
  Data Path Delay:        1.785ns  (logic 0.960ns (53.784%)  route 0.825ns (46.216%))
  Logic Levels:           0  
  Clock Path Skew:        -0.033ns (DCD - SCD + CPR)
    Destination Clock Delay (DCD):    0.043ns = ( 2.043 - 2.000 ) 
    Source Clock Delay      (SCD):    0.076ns
    Clock Pessimism Removal (CPR):    0.000ns
  Clock Uncertainty:      0.035ns  ((TSJ^2 + TIJ^2)^1/2 + DJ) / 2 + PE
    Total System Jitter     (TSJ):    0.071ns
    Total Input Jitter      (TIJ):    0.000ns
    Discrete Jitter          (DJ):    0.000ns
    Phase Error              (PE):    0.000ns

    Location             Delay type                Incr(ns)  Path(ns)    Netlist Resource(s)
  -------------------------------------------------------------------    -------------------
                         (clock clk rise edge)        0.000     0.000 r  
                                                      0.000     0.000 r  clk (IN)
                         net (fo=2704, unset)         0.076     0.076    u_wrapper/u_core/u_shared_rom/clk
    RAMB36_X5Y30         RAMB36E2                                     r  u_wrapper/u_core/u_shared_rom/coeff_reg_1/CLKARDCLK
  -------------------------------------------------------------------    -------------------
    RAMB36_X5Y30         RAMB36E2 (Prop_RAMB36E2_RAMB36_CLKARDCLK_DOUTADOUT[3])
                                                      0.960     1.036 f  u_wrapper/u_core/u_shared_rom/coeff_reg_1/DOUTADOUT[3]
                         net (fo=117, routed)         0.825     1.861    u_wrapper/u_core/u_shared_engine/coeff_buf_reg_r3_64_127_7_13/DID
    SLICE_X71Y148        RAMD64E                                      f  u_wrapper/u_core/u_shared_engine/coeff_buf_reg_r3_64_127_7_13/RAMD/I
  -------------------------------------------------------------------    -------------------

                         (clock clk rise edge)        2.000     2.000 r  
                                                      0.000     2.000 r  clk (IN)
                         net (fo=2704, unset)         0.043     2.043    u_wrapper/u_core/u_shared_engine/coeff_buf_reg_r3_64_127_7_13/WCLK
    SLICE_X71Y148        RAMD64E                                      r  u_wrapper/u_core/u_shared_engine/coeff_buf_reg_r3_64_127_7_13/RAMD/CLK
                         clock pessimism              0.000     2.043    
                         clock uncertainty           -0.035     2.008    
    SLICE_X71Y148        RAMD64E (Setup_D6LUT_SLICEM_CLK_I)
                                                     -0.058     1.950    u_wrapper/u_core/u_shared_engine/coeff_buf_reg_r3_64_127_7_13/RAMD
  -------------------------------------------------------------------
                         required time                          1.950    
                         arrival time                          -1.861    
  -------------------------------------------------------------------
                         slack                                  0.089    

Slack (MET) :             0.089ns  (required time - arrival time)
  Source:                 u_wrapper/u_core/u_shared_rom/coeff_reg_1/CLKARDCLK
                            (rising edge-triggered cell RAMB36E2 clocked by clk  {rise@0.000ns fall@1.000ns period=2.000ns})
  Destination:            u_wrapper/u_core/u_shared_engine/coeff_buf_reg_r3_0_63_7_13/RAME/I
                            (rising edge-triggered cell RAMD64E clocked by clk  {rise@0.000ns fall@1.000ns period=2.000ns})
  Path Group:             clk
  Path Type:              Setup (Max at Slow Process Corner)
  Requirement:            2.000ns  (clk rise@2.000ns - clk rise@0.000ns)
  Data Path Delay:        1.785ns  (logic 0.960ns (53.774%)  route 0.825ns (46.226%))
  Logic Levels:           0  
  Clock Path Skew:        -0.033ns (DCD - SCD + CPR)
    Destination Clock Delay (DCD):    0.043ns = ( 2.043 - 2.000 ) 
    Source Clock Delay      (SCD):    0.076ns
    Clock Pessimism Removal (CPR):    0.000ns
  Clock Uncertainty:      0.035ns  ((TSJ^2 + TIJ^2)^1/2 + DJ) / 2 + PE
    Total System Jitter     (TSJ):    0.071ns
    Total Input Jitter      (TIJ):    0.000ns
    Discrete Jitter          (DJ):    0.000ns
    Phase Error              (PE):    0.000ns

    Location             Delay type                Incr(ns)  Path(ns)    Netlist Resource(s)
  -------------------------------------------------------------------    -------------------
                         (clock clk rise edge)        0.000     0.000 r  
                                                      0.000     0.000 r  clk (IN)
                         net (fo=2704, unset)         0.076     0.076    u_wrapper/u_core/u_shared_rom/clk
    RAMB36_X5Y30         RAMB36E2                                     r  u_wrapper/u_core/u_shared_rom/coeff_reg_1/CLKARDCLK
  -------------------------------------------------------------------    -------------------
    RAMB36_X5Y30         RAMB36E2 (Prop_RAMB36E2_RAMB36_CLKARDCLK_DOUTADOUT[3])
                                                      0.960     1.036 r  u_wrapper/u_core/u_shared_rom/coeff_reg_1/DOUTADOUT[3]
                         net (fo=117, routed)         0.825     1.861    u_wrapper/u_core/u_shared_engine/coeff_buf_reg_r3_0_63_7_13/DIE
    SLICE_X71Y149        RAMD64E                                      r  u_wrapper/u_core/u_shared_engine/coeff_buf_reg_r3_0_63_7_13/RAME/I
  -------------------------------------------------------------------    -------------------

                         (clock clk rise edge)        2.000     2.000 r  
                                                      0.000     2.000 r  clk (IN)
                         net (fo=2704, unset)         0.043     2.043    u_wrapper/u_core/u_shared_engine/coeff_buf_reg_r3_0_63_7_13/WCLK
    SLICE_X71Y149        RAMD64E                                      r  u_wrapper/u_core/u_shared_engine/coeff_buf_reg_r3_0_63_7_13/RAME/CLK
                         clock pessimism              0.000     2.043    
                         clock uncertainty           -0.035     2.008    
    SLICE_X71Y149        RAMD64E (Setup_E6LUT_SLICEM_CLK_I)
                                                     -0.057     1.951    u_wrapper/u_core/u_shared_engine/coeff_buf_reg_r3_0_63_7_13/RAME
  -------------------------------------------------------------------
                         required time                          1.951    
                         arrival time                          -1.861    
  -------------------------------------------------------------------
                         slack                                  0.089    

Slack (MET) :             0.089ns  (required time - arrival time)
  Source:                 u_wrapper/u_core/u_shared_rom/coeff_reg_1/CLKARDCLK
                            (rising edge-triggered cell RAMB36E2 clocked by clk  {rise@0.000ns fall@1.000ns period=2.000ns})
  Destination:            u_wrapper/u_core/u_shared_engine/coeff_buf_reg_r3_0_63_7_13/RAME/I
                            (rising edge-triggered cell RAMD64E clocked by clk  {rise@0.000ns fall@1.000ns period=2.000ns})
  Path Group:             clk
  Path Type:              Setup (Max at Slow Process Corner)
  Requirement:            2.000ns  (clk rise@2.000ns - clk rise@0.000ns)
  Data Path Delay:        1.785ns  (logic 0.960ns (53.774%)  route 0.825ns (46.226%))
  Logic Levels:           0  
  Clock Path Skew:        -0.033ns (DCD - SCD + CPR)
    Destination Clock Delay (DCD):    0.043ns = ( 2.043 - 2.000 ) 
    Source Clock Delay      (SCD):    0.076ns
    Clock Pessimism Removal (CPR):    0.000ns
  Clock Uncertainty:      0.035ns  ((TSJ^2 + TIJ^2)^1/2 + DJ) / 2 + PE
    Total System Jitter     (TSJ):    0.071ns
    Total Input Jitter      (TIJ):    0.000ns
    Discrete Jitter          (DJ):    0.000ns
    Phase Error              (PE):    0.000ns

    Location             Delay type                Incr(ns)  Path(ns)    Netlist Resource(s)
  -------------------------------------------------------------------    -------------------
                         (clock clk rise edge)        0.000     0.000 r  
                                                      0.000     0.000 r  clk (IN)
                         net (fo=2704, unset)         0.076     0.076    u_wrapper/u_core/u_shared_rom/clk
    RAMB36_X5Y30         RAMB36E2                                     r  u_wrapper/u_core/u_shared_rom/coeff_reg_1/CLKARDCLK
  -------------------------------------------------------------------    -------------------
    RAMB36_X5Y30         RAMB36E2 (Prop_RAMB36E2_RAMB36_CLKARDCLK_DOUTADOUT[3])
                                                      0.960     1.036 f  u_wrapper/u_core/u_shared_rom/coeff_reg_1/DOUTADOUT[3]
                         net (fo=117, routed)         0.825     1.861    u_wrapper/u_core/u_shared_engine/coeff_buf_reg_r3_0_63_7_13/DIE
    SLICE_X71Y149        RAMD64E                                      f  u_wrapper/u_core/u_shared_engine/coeff_buf_reg_r3_0_63_7_13/RAME/I
  -------------------------------------------------------------------    -------------------

                         (clock clk rise edge)        2.000     2.000 r  
                                                      0.000     2.000 r  clk (IN)
                         net (fo=2704, unset)         0.043     2.043    u_wrapper/u_core/u_shared_engine/coeff_buf_reg_r3_0_63_7_13/WCLK
    SLICE_X71Y149        RAMD64E                                      r  u_wrapper/u_core/u_shared_engine/coeff_buf_reg_r3_0_63_7_13/RAME/CLK
                         clock pessimism              0.000     2.043    
                         clock uncertainty           -0.035     2.008    
    SLICE_X71Y149        RAMD64E (Setup_E6LUT_SLICEM_CLK_I)
                                                     -0.057     1.951    u_wrapper/u_core/u_shared_engine/coeff_buf_reg_r3_0_63_7_13/RAME
  -------------------------------------------------------------------
                         required time                          1.951    
                         arrival time                          -1.861    
  -------------------------------------------------------------------
                         slack                                  0.089    

Slack (MET) :             0.090ns  (required time - arrival time)
  Source:                 u_wrapper/u_core/u_shared_rom/coeff_reg_1/CLKARDCLK
                            (rising edge-triggered cell RAMB36E2 clocked by clk  {rise@0.000ns fall@1.000ns period=2.000ns})
  Destination:            u_wrapper/u_core/u_shared_engine/coeff_buf_reg_r3_128_191_7_13/RAMC/I
                            (rising edge-triggered cell RAMD64E clocked by clk  {rise@0.000ns fall@1.000ns period=2.000ns})
  Path Group:             clk
  Path Type:              Setup (Max at Slow Process Corner)
  Requirement:            2.000ns  (clk rise@2.000ns - clk rise@0.000ns)
  Data Path Delay:        1.786ns  (logic 0.960ns (53.756%)  route 0.826ns (46.244%))
  Logic Levels:           0  
  Clock Path Skew:        -0.033ns (DCD - SCD + CPR)
    Destination Clock Delay (DCD):    0.043ns = ( 2.043 - 2.000 ) 
    Source Clock Delay      (SCD):    0.076ns
    Clock Pessimism Removal (CPR):    0.000ns
  Clock Uncertainty:      0.035ns  ((TSJ^2 + TIJ^2)^1/2 + DJ) / 2 + PE
    Total System Jitter     (TSJ):    0.071ns
    Total Input Jitter      (TIJ):    0.000ns
    Discrete Jitter          (DJ):    0.000ns
    Phase Error              (PE):    0.000ns

    Location             Delay type                Incr(ns)  Path(ns)    Netlist Resource(s)
  -------------------------------------------------------------------    -------------------
                         (clock clk rise edge)        0.000     0.000 r  
                                                      0.000     0.000 r  clk (IN)
                         net (fo=2704, unset)         0.076     0.076    u_wrapper/u_core/u_shared_rom/clk
    RAMB36_X5Y30         RAMB36E2                                     r  u_wrapper/u_core/u_shared_rom/coeff_reg_1/CLKARDCLK
  -------------------------------------------------------------------    -------------------
    RAMB36_X5Y30         RAMB36E2 (Prop_RAMB36E2_RAMB36_CLKARDCLK_DOUTADOUT[3])
                                                      0.960     1.036 r  u_wrapper/u_core/u_shared_rom/coeff_reg_1/DOUTADOUT[3]
                         net (fo=117, routed)         0.826     1.862    u_wrapper/u_core/u_shared_engine/coeff_buf_reg_r3_128_191_7_13/DIC
    SLICE_X71Y147        RAMD64E                                      r  u_wrapper/u_core/u_shared_engine/coeff_buf_reg_r3_128_191_7_13/RAMC/I
  -------------------------------------------------------------------    -------------------

                         (clock clk rise edge)        2.000     2.000 r  
                                                      0.000     2.000 r  clk (IN)
                         net (fo=2704, unset)         0.043     2.043    u_wrapper/u_core/u_shared_engine/coeff_buf_reg_r3_128_191_7_13/WCLK
    SLICE_X71Y147        RAMD64E                                      r  u_wrapper/u_core/u_shared_engine/coeff_buf_reg_r3_128_191_7_13/RAMC/CLK
                         clock pessimism              0.000     2.043    
                         clock uncertainty           -0.035     2.008    
    SLICE_X71Y147        RAMD64E (Setup_C6LUT_SLICEM_CLK_I)
                                                     -0.056     1.952    u_wrapper/u_core/u_shared_engine/coeff_buf_reg_r3_128_191_7_13/RAMC
  -------------------------------------------------------------------
                         required time                          1.952    
                         arrival time                          -1.862    
  -------------------------------------------------------------------
                         slack                                  0.090    

Slack (MET) :             0.090ns  (required time - arrival time)
  Source:                 u_wrapper/u_core/u_shared_rom/coeff_reg_1/CLKARDCLK
                            (rising edge-triggered cell RAMB36E2 clocked by clk  {rise@0.000ns fall@1.000ns period=2.000ns})
  Destination:            u_wrapper/u_core/u_shared_engine/coeff_buf_reg_r3_128_191_7_13/RAMC/I
                            (rising edge-triggered cell RAMD64E clocked by clk  {rise@0.000ns fall@1.000ns period=2.000ns})
  Path Group:             clk
  Path Type:              Setup (Max at Slow Process Corner)
  Requirement:            2.000ns  (clk rise@2.000ns - clk rise@0.000ns)
  Data Path Delay:        1.786ns  (logic 0.960ns (53.756%)  route 0.826ns (46.244%))
  Logic Levels:           0  
  Clock Path Skew:        -0.033ns (DCD - SCD + CPR)
    Destination Clock Delay (DCD):    0.043ns = ( 2.043 - 2.000 ) 
    Source Clock Delay      (SCD):    0.076ns
    Clock Pessimism Removal (CPR):    0.000ns
  Clock Uncertainty:      0.035ns  ((TSJ^2 + TIJ^2)^1/2 + DJ) / 2 + PE
    Total System Jitter     (TSJ):    0.071ns
    Total Input Jitter      (TIJ):    0.000ns
    Discrete Jitter          (DJ):    0.000ns
    Phase Error              (PE):    0.000ns

    Location             Delay type                Incr(ns)  Path(ns)    Netlist Resource(s)
  -------------------------------------------------------------------    -------------------
                         (clock clk rise edge)        0.000     0.000 r  
                                                      0.000     0.000 r  clk (IN)
                         net (fo=2704, unset)         0.076     0.076    u_wrapper/u_core/u_shared_rom/clk
    RAMB36_X5Y30         RAMB36E2                                     r  u_wrapper/u_core/u_shared_rom/coeff_reg_1/CLKARDCLK
  -------------------------------------------------------------------    -------------------
    RAMB36_X5Y30         RAMB36E2 (Prop_RAMB36E2_RAMB36_CLKARDCLK_DOUTADOUT[3])
                                                      0.960     1.036 f  u_wrapper/u_core/u_shared_rom/coeff_reg_1/DOUTADOUT[3]
                         net (fo=117, routed)         0.826     1.862    u_wrapper/u_core/u_shared_engine/coeff_buf_reg_r3_128_191_7_13/DIC
    SLICE_X71Y147        RAMD64E                                      f  u_wrapper/u_core/u_shared_engine/coeff_buf_reg_r3_128_191_7_13/RAMC/I
  -------------------------------------------------------------------    -------------------

                         (clock clk rise edge)        2.000     2.000 r  
                                                      0.000     2.000 r  clk (IN)
                         net (fo=2704, unset)         0.043     2.043    u_wrapper/u_core/u_shared_engine/coeff_buf_reg_r3_128_191_7_13/WCLK
    SLICE_X71Y147        RAMD64E                                      r  u_wrapper/u_core/u_shared_engine/coeff_buf_reg_r3_128_191_7_13/RAMC/CLK
                         clock pessimism              0.000     2.043    
                         clock uncertainty           -0.035     2.008    
    SLICE_X71Y147        RAMD64E (Setup_C6LUT_SLICEM_CLK_I)
                                                     -0.056     1.952    u_wrapper/u_core/u_shared_engine/coeff_buf_reg_r3_128_191_7_13/RAMC
  -------------------------------------------------------------------
                         required time                          1.952    
                         arrival time                          -1.862    
  -------------------------------------------------------------------
                         slack                                  0.090    

Slack (MET) :             0.093ns  (required time - arrival time)
  Source:                 u_wrapper/u_core/u_shared_rom/coeff_reg_1/CLKARDCLK
                            (rising edge-triggered cell RAMB36E2 clocked by clk  {rise@0.000ns fall@1.000ns period=2.000ns})
  Destination:            u_wrapper/u_core/u_shared_engine/coeff_buf_reg_r3_128_191_7_13/RAMB/I
                            (rising edge-triggered cell RAMD64E clocked by clk  {rise@0.000ns fall@1.000ns period=2.000ns})
  Path Group:             clk
  Path Type:              Setup (Max at Slow Process Corner)
  Requirement:            2.000ns  (clk rise@2.000ns - clk rise@0.000ns)
  Data Path Delay:        1.783ns  (logic 0.960ns (53.846%)  route 0.823ns (46.154%))
  Logic Levels:           0  
  Clock Path Skew:        -0.033ns (DCD - SCD + CPR)
    Destination Clock Delay (DCD):    0.043ns = ( 2.043 - 2.000 ) 
    Source Clock Delay      (SCD):    0.076ns
    Clock Pessimism Removal (CPR):    0.000ns
  Clock Uncertainty:      0.035ns  ((TSJ^2 + TIJ^2)^1/2 + DJ) / 2 + PE
    Total System Jitter     (TSJ):    0.071ns
    Total Input Jitter      (TIJ):    0.000ns
    Discrete Jitter          (DJ):    0.000ns
    Phase Error              (PE):    0.000ns

    Location             Delay type                Incr(ns)  Path(ns)    Netlist Resource(s)
  -------------------------------------------------------------------    -------------------
                         (clock clk rise edge)        0.000     0.000 r  
                                                      0.000     0.000 r  clk (IN)
                         net (fo=2704, unset)         0.076     0.076    u_wrapper/u_core/u_shared_rom/clk
    RAMB36_X5Y30         RAMB36E2                                     r  u_wrapper/u_core/u_shared_rom/coeff_reg_1/CLKARDCLK
  -------------------------------------------------------------------    -------------------
    RAMB36_X5Y30         RAMB36E2 (Prop_RAMB36E2_RAMB36_CLKARDCLK_DOUTADOUT[3])
                                                      0.960     1.036 r  u_wrapper/u_core/u_shared_rom/coeff_reg_1/DOUTADOUT[3]
                         net (fo=117, routed)         0.823     1.859    u_wrapper/u_core/u_shared_engine/coeff_buf_reg_r3_128_191_7_13/DIB
    SLICE_X71Y147        RAMD64E                                      r  u_wrapper/u_core/u_shared_engine/coeff_buf_reg_r3_128_191_7_13/RAMB/I
  -------------------------------------------------------------------    -------------------

                         (clock clk rise edge)        2.000     2.000 r  
                                                      0.000     2.000 r  clk (IN)
                         net (fo=2704, unset)         0.043     2.043    u_wrapper/u_core/u_shared_engine/coeff_buf_reg_r3_128_191_7_13/WCLK
    SLICE_X71Y147        RAMD64E                                      r  u_wrapper/u_core/u_shared_engine/coeff_buf_reg_r3_128_191_7_13/RAMB/CLK
                         clock pessimism              0.000     2.043    
                         clock uncertainty           -0.035     2.008    
    SLICE_X71Y147        RAMD64E (Setup_B6LUT_SLICEM_CLK_I)
                                                     -0.056     1.952    u_wrapper/u_core/u_shared_engine/coeff_buf_reg_r3_128_191_7_13/RAMB
  -------------------------------------------------------------------
                         required time                          1.952    
                         arrival time                          -1.859    
  -------------------------------------------------------------------
                         slack                                  0.093    

Slack (MET) :             0.093ns  (required time - arrival time)
  Source:                 u_wrapper/u_core/u_shared_rom/coeff_reg_1/CLKARDCLK
                            (rising edge-triggered cell RAMB36E2 clocked by clk  {rise@0.000ns fall@1.000ns period=2.000ns})
  Destination:            u_wrapper/u_core/u_shared_engine/coeff_buf_reg_r3_128_191_7_13/RAMB/I
                            (rising edge-triggered cell RAMD64E clocked by clk  {rise@0.000ns fall@1.000ns period=2.000ns})
  Path Group:             clk
  Path Type:              Setup (Max at Slow Process Corner)
  Requirement:            2.000ns  (clk rise@2.000ns - clk rise@0.000ns)
  Data Path Delay:        1.783ns  (logic 0.960ns (53.846%)  route 0.823ns (46.154%))
  Logic Levels:           0  
  Clock Path Skew:        -0.033ns (DCD - SCD + CPR)
    Destination Clock Delay (DCD):    0.043ns = ( 2.043 - 2.000 ) 
    Source Clock Delay      (SCD):    0.076ns
    Clock Pessimism Removal (CPR):    0.000ns
  Clock Uncertainty:      0.035ns  ((TSJ^2 + TIJ^2)^1/2 + DJ) / 2 + PE
    Total System Jitter     (TSJ):    0.071ns
    Total Input Jitter      (TIJ):    0.000ns
    Discrete Jitter          (DJ):    0.000ns
    Phase Error              (PE):    0.000ns

    Location             Delay type                Incr(ns)  Path(ns)    Netlist Resource(s)
  -------------------------------------------------------------------    -------------------
                         (clock clk rise edge)        0.000     0.000 r  
                                                      0.000     0.000 r  clk (IN)
                         net (fo=2704, unset)         0.076     0.076    u_wrapper/u_core/u_shared_rom/clk
    RAMB36_X5Y30         RAMB36E2                                     r  u_wrapper/u_core/u_shared_rom/coeff_reg_1/CLKARDCLK
  -------------------------------------------------------------------    -------------------
    RAMB36_X5Y30         RAMB36E2 (Prop_RAMB36E2_RAMB36_CLKARDCLK_DOUTADOUT[3])
                                                      0.960     1.036 f  u_wrapper/u_core/u_shared_rom/coeff_reg_1/DOUTADOUT[3]
                         net (fo=117, routed)         0.823     1.859    u_wrapper/u_core/u_shared_engine/coeff_buf_reg_r3_128_191_7_13/DIB
    SLICE_X71Y147        RAMD64E                                      f  u_wrapper/u_core/u_shared_engine/coeff_buf_reg_r3_128_191_7_13/RAMB/I
  -------------------------------------------------------------------    -------------------

                         (clock clk rise edge)        2.000     2.000 r  
                                                      0.000     2.000 r  clk (IN)
                         net (fo=2704, unset)         0.043     2.043    u_wrapper/u_core/u_shared_engine/coeff_buf_reg_r3_128_191_7_13/WCLK
    SLICE_X71Y147        RAMD64E                                      r  u_wrapper/u_core/u_shared_engine/coeff_buf_reg_r3_128_191_7_13/RAMB/CLK
                         clock pessimism              0.000     2.043    
                         clock uncertainty           -0.035     2.008    
    SLICE_X71Y147        RAMD64E (Setup_B6LUT_SLICEM_CLK_I)
                                                     -0.056     1.952    u_wrapper/u_core/u_shared_engine/coeff_buf_reg_r3_128_191_7_13/RAMB
  -------------------------------------------------------------------
                         required time                          1.952    
                         arrival time                          -1.859    
  -------------------------------------------------------------------
                         slack                                  0.093    

Slack (MET) :             0.093ns  (required time - arrival time)
  Source:                 u_wrapper/u_core/u_shared_rom/coeff_reg_1/CLKARDCLK
                            (rising edge-triggered cell RAMB36E2 clocked by clk  {rise@0.000ns fall@1.000ns period=2.000ns})
  Destination:            u_wrapper/u_core/u_shared_engine/coeff_buf_reg_r3_0_63_7_13/RAMF/I
                            (rising edge-triggered cell RAMD64E clocked by clk  {rise@0.000ns fall@1.000ns period=2.000ns})
  Path Group:             clk
  Path Type:              Setup (Max at Slow Process Corner)
  Requirement:            2.000ns  (clk rise@2.000ns - clk rise@0.000ns)
  Data Path Delay:        1.781ns  (logic 0.960ns (53.895%)  route 0.821ns (46.105%))
  Logic Levels:           0  
  Clock Path Skew:        -0.033ns (DCD - SCD + CPR)
    Destination Clock Delay (DCD):    0.043ns = ( 2.043 - 2.000 ) 
    Source Clock Delay      (SCD):    0.076ns
    Clock Pessimism Removal (CPR):    0.000ns
  Clock Uncertainty:      0.035ns  ((TSJ^2 + TIJ^2)^1/2 + DJ) / 2 + PE
    Total System Jitter     (TSJ):    0.071ns
    Total Input Jitter      (TIJ):    0.000ns
    Discrete Jitter          (DJ):    0.000ns
    Phase Error              (PE):    0.000ns

    Location             Delay type                Incr(ns)  Path(ns)    Netlist Resource(s)
  -------------------------------------------------------------------    -------------------
                         (clock clk rise edge)        0.000     0.000 r  
                                                      0.000     0.000 r  clk (IN)
                         net (fo=2704, unset)         0.076     0.076    u_wrapper/u_core/u_shared_rom/clk
    RAMB36_X5Y30         RAMB36E2                                     r  u_wrapper/u_core/u_shared_rom/coeff_reg_1/CLKARDCLK
  -------------------------------------------------------------------    -------------------
    RAMB36_X5Y30         RAMB36E2 (Prop_RAMB36E2_RAMB36_CLKARDCLK_DOUTADOUT[3])
                                                      0.960     1.036 r  u_wrapper/u_core/u_shared_rom/coeff_reg_1/DOUTADOUT[3]
                         net (fo=117, routed)         0.821     1.857    u_wrapper/u_core/u_shared_engine/coeff_buf_reg_r3_0_63_7_13/DIF
    SLICE_X71Y149        RAMD64E                                      r  u_wrapper/u_core/u_shared_engine/coeff_buf_reg_r3_0_63_7_13/RAMF/I
  -------------------------------------------------------------------    -------------------

                         (clock clk rise edge)        2.000     2.000 r  
                                                      0.000     2.000 r  clk (IN)
                         net (fo=2704, unset)         0.043     2.043    u_wrapper/u_core/u_shared_engine/coeff_buf_reg_r3_0_63_7_13/WCLK
    SLICE_X71Y149        RAMD64E                                      r  u_wrapper/u_core/u_shared_engine/coeff_buf_reg_r3_0_63_7_13/RAMF/CLK
                         clock pessimism              0.000     2.043    
                         clock uncertainty           -0.035     2.008    
    SLICE_X71Y149        RAMD64E (Setup_F6LUT_SLICEM_CLK_I)
                                                     -0.057     1.951    u_wrapper/u_core/u_shared_engine/coeff_buf_reg_r3_0_63_7_13/RAMF
  -------------------------------------------------------------------
                         required time                          1.951    
                         arrival time                          -1.857    
  -------------------------------------------------------------------
                         slack                                  0.093    

Slack (MET) :             0.093ns  (required time - arrival time)
  Source:                 u_wrapper/u_core/u_shared_rom/coeff_reg_1/CLKARDCLK
                            (rising edge-triggered cell RAMB36E2 clocked by clk  {rise@0.000ns fall@1.000ns period=2.000ns})
  Destination:            u_wrapper/u_core/u_shared_engine/coeff_buf_reg_r3_0_63_7_13/RAMF/I
                            (rising edge-triggered cell RAMD64E clocked by clk  {rise@0.000ns fall@1.000ns period=2.000ns})
  Path Group:             clk
  Path Type:              Setup (Max at Slow Process Corner)
  Requirement:            2.000ns  (clk rise@2.000ns - clk rise@0.000ns)
  Data Path Delay:        1.781ns  (logic 0.960ns (53.895%)  route 0.821ns (46.105%))
  Logic Levels:           0  
  Clock Path Skew:        -0.033ns (DCD - SCD + CPR)
    Destination Clock Delay (DCD):    0.043ns = ( 2.043 - 2.000 ) 
    Source Clock Delay      (SCD):    0.076ns
    Clock Pessimism Removal (CPR):    0.000ns
  Clock Uncertainty:      0.035ns  ((TSJ^2 + TIJ^2)^1/2 + DJ) / 2 + PE
    Total System Jitter     (TSJ):    0.071ns
    Total Input Jitter      (TIJ):    0.000ns
    Discrete Jitter          (DJ):    0.000ns
    Phase Error              (PE):    0.000ns

    Location             Delay type                Incr(ns)  Path(ns)    Netlist Resource(s)
  -------------------------------------------------------------------    -------------------
                         (clock clk rise edge)        0.000     0.000 r  
                                                      0.000     0.000 r  clk (IN)
                         net (fo=2704, unset)         0.076     0.076    u_wrapper/u_core/u_shared_rom/clk
    RAMB36_X5Y30         RAMB36E2                                     r  u_wrapper/u_core/u_shared_rom/coeff_reg_1/CLKARDCLK
  -------------------------------------------------------------------    -------------------
    RAMB36_X5Y30         RAMB36E2 (Prop_RAMB36E2_RAMB36_CLKARDCLK_DOUTADOUT[3])
                                                      0.960     1.036 f  u_wrapper/u_core/u_shared_rom/coeff_reg_1/DOUTADOUT[3]
                         net (fo=117, routed)         0.821     1.857    u_wrapper/u_core/u_shared_engine/coeff_buf_reg_r3_0_63_7_13/DIF
    SLICE_X71Y149        RAMD64E                                      f  u_wrapper/u_core/u_shared_engine/coeff_buf_reg_r3_0_63_7_13/RAMF/I
  -------------------------------------------------------------------    -------------------

                         (clock clk rise edge)        2.000     2.000 r  
                                                      0.000     2.000 r  clk (IN)
                         net (fo=2704, unset)         0.043     2.043    u_wrapper/u_core/u_shared_engine/coeff_buf_reg_r3_0_63_7_13/WCLK
    SLICE_X71Y149        RAMD64E                                      r  u_wrapper/u_core/u_shared_engine/coeff_buf_reg_r3_0_63_7_13/RAMF/CLK
                         clock pessimism              0.000     2.043    
                         clock uncertainty           -0.035     2.008    
    SLICE_X71Y149        RAMD64E (Setup_F6LUT_SLICEM_CLK_I)
                                                     -0.057     1.951    u_wrapper/u_core/u_shared_engine/coeff_buf_reg_r3_0_63_7_13/RAMF
  -------------------------------------------------------------------
                         required time                          1.951    
                         arrival time                          -1.857    
  -------------------------------------------------------------------
                         slack                                  0.093    

Slack (MET) :             0.096ns  (required time - arrival time)
  Source:                 u_wrapper/u_core/u_shared_rom/coeff_reg_1/CLKARDCLK
                            (rising edge-triggered cell RAMB36E2 clocked by clk  {rise@0.000ns fall@1.000ns period=2.000ns})
  Destination:            u_wrapper/u_core/u_shared_engine/coeff_buf_reg_r1_0_63_7_13/RAMD/I
                            (rising edge-triggered cell RAMD64E clocked by clk  {rise@0.000ns fall@1.000ns period=2.000ns})
  Path Group:             clk
  Path Type:              Setup (Max at Slow Process Corner)
  Requirement:            2.000ns  (clk rise@2.000ns - clk rise@0.000ns)
  Data Path Delay:        1.777ns  (logic 0.960ns (54.011%)  route 0.817ns (45.989%))
  Logic Levels:           0  
  Clock Path Skew:        -0.033ns (DCD - SCD + CPR)
    Destination Clock Delay (DCD):    0.043ns = ( 2.043 - 2.000 ) 
    Source Clock Delay      (SCD):    0.076ns
    Clock Pessimism Removal (CPR):    0.000ns
  Clock Uncertainty:      0.035ns  ((TSJ^2 + TIJ^2)^1/2 + DJ) / 2 + PE
    Total System Jitter     (TSJ):    0.071ns
    Total Input Jitter      (TIJ):    0.000ns
    Discrete Jitter          (DJ):    0.000ns
    Phase Error              (PE):    0.000ns

    Location             Delay type                Incr(ns)  Path(ns)    Netlist Resource(s)
  -------------------------------------------------------------------    -------------------
                         (clock clk rise edge)        0.000     0.000 r  
                                                      0.000     0.000 r  clk (IN)
                         net (fo=2704, unset)         0.076     0.076    u_wrapper/u_core/u_shared_rom/clk
    RAMB36_X5Y30         RAMB36E2                                     r  u_wrapper/u_core/u_shared_rom/coeff_reg_1/CLKARDCLK
  -------------------------------------------------------------------    -------------------
    RAMB36_X5Y30         RAMB36E2 (Prop_RAMB36E2_RAMB36_CLKARDCLK_DOUTADOUT[3])
                                                      0.960     1.036 r  u_wrapper/u_core/u_shared_rom/coeff_reg_1/DOUTADOUT[3]
                         net (fo=117, routed)         0.817     1.853    u_wrapper/u_core/u_shared_engine/coeff_buf_reg_r1_0_63_7_13/DID
    SLICE_X67Y154        RAMD64E                                      r  u_wrapper/u_core/u_shared_engine/coeff_buf_reg_r1_0_63_7_13/RAMD/I
  -------------------------------------------------------------------    -------------------

                         (clock clk rise edge)        2.000     2.000 r  
                                                      0.000     2.000 r  clk (IN)
                         net (fo=2704, unset)         0.043     2.043    u_wrapper/u_core/u_shared_engine/coeff_buf_reg_r1_0_63_7_13/WCLK
    SLICE_X67Y154        RAMD64E                                      r  u_wrapper/u_core/u_shared_engine/coeff_buf_reg_r1_0_63_7_13/RAMD/CLK
                         clock pessimism              0.000     2.043    
                         clock uncertainty           -0.035     2.008    
    SLICE_X67Y154        RAMD64E (Setup_D6LUT_SLICEM_CLK_I)
                                                     -0.058     1.950    u_wrapper/u_core/u_shared_engine/coeff_buf_reg_r1_0_63_7_13/RAMD
  -------------------------------------------------------------------
                         required time                          1.950    
                         arrival time                          -1.853    
  -------------------------------------------------------------------
                         slack                                  0.096    

Slack (MET) :             0.096ns  (required time - arrival time)
  Source:                 u_wrapper/u_core/u_shared_rom/coeff_reg_1/CLKARDCLK
                            (rising edge-triggered cell RAMB36E2 clocked by clk  {rise@0.000ns fall@1.000ns period=2.000ns})
  Destination:            u_wrapper/u_core/u_shared_engine/coeff_buf_reg_r1_0_63_7_13/RAMD/I
                            (rising edge-triggered cell RAMD64E clocked by clk  {rise@0.000ns fall@1.000ns period=2.000ns})
  Path Group:             clk
  Path Type:              Setup (Max at Slow Process Corner)
  Requirement:            2.000ns  (clk rise@2.000ns - clk rise@0.000ns)
  Data Path Delay:        1.777ns  (logic 0.960ns (54.011%)  route 0.817ns (45.989%))
  Logic Levels:           0  
  Clock Path Skew:        -0.033ns (DCD - SCD + CPR)
    Destination Clock Delay (DCD):    0.043ns = ( 2.043 - 2.000 ) 
    Source Clock Delay      (SCD):    0.076ns
    Clock Pessimism Removal (CPR):    0.000ns
  Clock Uncertainty:      0.035ns  ((TSJ^2 + TIJ^2)^1/2 + DJ) / 2 + PE
    Total System Jitter     (TSJ):    0.071ns
    Total Input Jitter      (TIJ):    0.000ns
    Discrete Jitter          (DJ):    0.000ns
    Phase Error              (PE):    0.000ns

    Location             Delay type                Incr(ns)  Path(ns)    Netlist Resource(s)
  -------------------------------------------------------------------    -------------------
                         (clock clk rise edge)        0.000     0.000 r  
                                                      0.000     0.000 r  clk (IN)
                         net (fo=2704, unset)         0.076     0.076    u_wrapper/u_core/u_shared_rom/clk
    RAMB36_X5Y30         RAMB36E2                                     r  u_wrapper/u_core/u_shared_rom/coeff_reg_1/CLKARDCLK
  -------------------------------------------------------------------    -------------------
    RAMB36_X5Y30         RAMB36E2 (Prop_RAMB36E2_RAMB36_CLKARDCLK_DOUTADOUT[3])
                                                      0.960     1.036 f  u_wrapper/u_core/u_shared_rom/coeff_reg_1/DOUTADOUT[3]
                         net (fo=117, routed)         0.817     1.853    u_wrapper/u_core/u_shared_engine/coeff_buf_reg_r1_0_63_7_13/DID
    SLICE_X67Y154        RAMD64E                                      f  u_wrapper/u_core/u_shared_engine/coeff_buf_reg_r1_0_63_7_13/RAMD/I
  -------------------------------------------------------------------    -------------------

                         (clock clk rise edge)        2.000     2.000 r  
                                                      0.000     2.000 r  clk (IN)
                         net (fo=2704, unset)         0.043     2.043    u_wrapper/u_core/u_shared_engine/coeff_buf_reg_r1_0_63_7_13/WCLK
    SLICE_X67Y154        RAMD64E                                      r  u_wrapper/u_core/u_shared_engine/coeff_buf_reg_r1_0_63_7_13/RAMD/CLK
                         clock pessimism              0.000     2.043    
                         clock uncertainty           -0.035     2.008    
    SLICE_X67Y154        RAMD64E (Setup_D6LUT_SLICEM_CLK_I)
                                                     -0.058     1.950    u_wrapper/u_core/u_shared_engine/coeff_buf_reg_r1_0_63_7_13/RAMD
  -------------------------------------------------------------------
                         required time                          1.950    
                         arrival time                          -1.853    
  -------------------------------------------------------------------
                         slack                                  0.096    

Slack (MET) :             0.098ns  (required time - arrival time)
  Source:                 u_wrapper/u_core/u_shared_rom/coeff_reg_1/CLKARDCLK
                            (rising edge-triggered cell RAMB36E2 clocked by clk  {rise@0.000ns fall@1.000ns period=2.000ns})
  Destination:            u_wrapper/u_core/u_shared_engine/coeff_buf_reg_r1_0_63_7_13/RAMC/I
                            (rising edge-triggered cell RAMD64E clocked by clk  {rise@0.000ns fall@1.000ns period=2.000ns})
  Path Group:             clk
  Path Type:              Setup (Max at Slow Process Corner)
  Requirement:            2.000ns  (clk rise@2.000ns - clk rise@0.000ns)
  Data Path Delay:        1.778ns  (logic 0.960ns (54.004%)  route 0.818ns (45.996%))
  Logic Levels:           0  
  Clock Path Skew:        -0.033ns (DCD - SCD + CPR)
    Destination Clock Delay (DCD):    0.043ns = ( 2.043 - 2.000 ) 
    Source Clock Delay      (SCD):    0.076ns
    Clock Pessimism Removal (CPR):    0.000ns
  Clock Uncertainty:      0.035ns  ((TSJ^2 + TIJ^2)^1/2 + DJ) / 2 + PE
    Total System Jitter     (TSJ):    0.071ns
    Total Input Jitter      (TIJ):    0.000ns
    Discrete Jitter          (DJ):    0.000ns
    Phase Error              (PE):    0.000ns

    Location             Delay type                Incr(ns)  Path(ns)    Netlist Resource(s)
  -------------------------------------------------------------------    -------------------
                         (clock clk rise edge)        0.000     0.000 r  
                                                      0.000     0.000 r  clk (IN)
                         net (fo=2704, unset)         0.076     0.076    u_wrapper/u_core/u_shared_rom/clk
    RAMB36_X5Y30         RAMB36E2                                     r  u_wrapper/u_core/u_shared_rom/coeff_reg_1/CLKARDCLK
  -------------------------------------------------------------------    -------------------
    RAMB36_X5Y30         RAMB36E2 (Prop_RAMB36E2_RAMB36_CLKARDCLK_DOUTADOUT[3])
                                                      0.960     1.036 r  u_wrapper/u_core/u_shared_rom/coeff_reg_1/DOUTADOUT[3]
                         net (fo=117, routed)         0.818     1.854    u_wrapper/u_core/u_shared_engine/coeff_buf_reg_r1_0_63_7_13/DIC
    SLICE_X67Y154        RAMD64E                                      r  u_wrapper/u_core/u_shared_engine/coeff_buf_reg_r1_0_63_7_13/RAMC/I
  -------------------------------------------------------------------    -------------------

                         (clock clk rise edge)        2.000     2.000 r  
                                                      0.000     2.000 r  clk (IN)
                         net (fo=2704, unset)         0.043     2.043    u_wrapper/u_core/u_shared_engine/coeff_buf_reg_r1_0_63_7_13/WCLK
    SLICE_X67Y154        RAMD64E                                      r  u_wrapper/u_core/u_shared_engine/coeff_buf_reg_r1_0_63_7_13/RAMC/CLK
                         clock pessimism              0.000     2.043    
                         clock uncertainty           -0.035     2.008    
    SLICE_X67Y154        RAMD64E (Setup_C6LUT_SLICEM_CLK_I)
                                                     -0.056     1.952    u_wrapper/u_core/u_shared_engine/coeff_buf_reg_r1_0_63_7_13/RAMC
  -------------------------------------------------------------------
                         required time                          1.952    
                         arrival time                          -1.854    
  -------------------------------------------------------------------
                         slack                                  0.098    

Slack (MET) :             0.098ns  (required time - arrival time)
  Source:                 u_wrapper/u_core/u_shared_rom/coeff_reg_1/CLKARDCLK
                            (rising edge-triggered cell RAMB36E2 clocked by clk  {rise@0.000ns fall@1.000ns period=2.000ns})
  Destination:            u_wrapper/u_core/u_shared_engine/coeff_buf_reg_r1_0_63_7_13/RAMC/I
                            (rising edge-triggered cell RAMD64E clocked by clk  {rise@0.000ns fall@1.000ns period=2.000ns})
  Path Group:             clk
  Path Type:              Setup (Max at Slow Process Corner)
  Requirement:            2.000ns  (clk rise@2.000ns - clk rise@0.000ns)
  Data Path Delay:        1.778ns  (logic 0.960ns (54.004%)  route 0.818ns (45.996%))
  Logic Levels:           0  
  Clock Path Skew:        -0.033ns (DCD - SCD + CPR)
    Destination Clock Delay (DCD):    0.043ns = ( 2.043 - 2.000 ) 
    Source Clock Delay      (SCD):    0.076ns
    Clock Pessimism Removal (CPR):    0.000ns
  Clock Uncertainty:      0.035ns  ((TSJ^2 + TIJ^2)^1/2 + DJ) / 2 + PE
    Total System Jitter     (TSJ):    0.071ns
    Total Input Jitter      (TIJ):    0.000ns
    Discrete Jitter          (DJ):    0.000ns
    Phase Error              (PE):    0.000ns

    Location             Delay type                Incr(ns)  Path(ns)    Netlist Resource(s)
  -------------------------------------------------------------------    -------------------
                         (clock clk rise edge)        0.000     0.000 r  
                                                      0.000     0.000 r  clk (IN)
                         net (fo=2704, unset)         0.076     0.076    u_wrapper/u_core/u_shared_rom/clk
    RAMB36_X5Y30         RAMB36E2                                     r  u_wrapper/u_core/u_shared_rom/coeff_reg_1/CLKARDCLK
  -------------------------------------------------------------------    -------------------
    RAMB36_X5Y30         RAMB36E2 (Prop_RAMB36E2_RAMB36_CLKARDCLK_DOUTADOUT[3])
                                                      0.960     1.036 f  u_wrapper/u_core/u_shared_rom/coeff_reg_1/DOUTADOUT[3]
                         net (fo=117, routed)         0.818     1.854    u_wrapper/u_core/u_shared_engine/coeff_buf_reg_r1_0_63_7_13/DIC
    SLICE_X67Y154        RAMD64E                                      f  u_wrapper/u_core/u_shared_engine/coeff_buf_reg_r1_0_63_7_13/RAMC/I
  -------------------------------------------------------------------    -------------------

                         (clock clk rise edge)        2.000     2.000 r  
                                                      0.000     2.000 r  clk (IN)
                         net (fo=2704, unset)         0.043     2.043    u_wrapper/u_core/u_shared_engine/coeff_buf_reg_r1_0_63_7_13/WCLK
    SLICE_X67Y154        RAMD64E                                      r  u_wrapper/u_core/u_shared_engine/coeff_buf_reg_r1_0_63_7_13/RAMC/CLK
                         clock pessimism              0.000     2.043    
                         clock uncertainty           -0.035     2.008    
    SLICE_X67Y154        RAMD64E (Setup_C6LUT_SLICEM_CLK_I)
                                                     -0.056     1.952    u_wrapper/u_core/u_shared_engine/coeff_buf_reg_r1_0_63_7_13/RAMC
  -------------------------------------------------------------------
                         required time                          1.952    
                         arrival time                          -1.854    
  -------------------------------------------------------------------
                         slack                                  0.098    

Slack (MET) :             0.101ns  (required time - arrival time)
  Source:                 u_wrapper/u_core/u_shared_rom/coeff_reg_1/CLKARDCLK
                            (rising edge-triggered cell RAMB36E2 clocked by clk  {rise@0.000ns fall@1.000ns period=2.000ns})
  Destination:            u_wrapper/u_core/u_shared_engine/coeff_buf_reg_r1_0_63_7_13/RAMB/I
                            (rising edge-triggered cell RAMD64E clocked by clk  {rise@0.000ns fall@1.000ns period=2.000ns})
  Path Group:             clk
  Path Type:              Setup (Max at Slow Process Corner)
  Requirement:            2.000ns  (clk rise@2.000ns - clk rise@0.000ns)
  Data Path Delay:        1.775ns  (logic 0.960ns (54.095%)  route 0.815ns (45.905%))
  Logic Levels:           0  
  Clock Path Skew:        -0.033ns (DCD - SCD + CPR)
    Destination Clock Delay (DCD):    0.043ns = ( 2.043 - 2.000 ) 
    Source Clock Delay      (SCD):    0.076ns
    Clock Pessimism Removal (CPR):    0.000ns
  Clock Uncertainty:      0.035ns  ((TSJ^2 + TIJ^2)^1/2 + DJ) / 2 + PE
    Total System Jitter     (TSJ):    0.071ns
    Total Input Jitter      (TIJ):    0.000ns
    Discrete Jitter          (DJ):    0.000ns
    Phase Error              (PE):    0.000ns

    Location             Delay type                Incr(ns)  Path(ns)    Netlist Resource(s)
  -------------------------------------------------------------------    -------------------
                         (clock clk rise edge)        0.000     0.000 r  
                                                      0.000     0.000 r  clk (IN)
                         net (fo=2704, unset)         0.076     0.076    u_wrapper/u_core/u_shared_rom/clk
    RAMB36_X5Y30         RAMB36E2                                     r  u_wrapper/u_core/u_shared_rom/coeff_reg_1/CLKARDCLK
  -------------------------------------------------------------------    -------------------
    RAMB36_X5Y30         RAMB36E2 (Prop_RAMB36E2_RAMB36_CLKARDCLK_DOUTADOUT[3])
                                                      0.960     1.036 r  u_wrapper/u_core/u_shared_rom/coeff_reg_1/DOUTADOUT[3]
                         net (fo=117, routed)         0.815     1.851    u_wrapper/u_core/u_shared_engine/coeff_buf_reg_r1_0_63_7_13/DIB
    SLICE_X67Y154        RAMD64E                                      r  u_wrapper/u_core/u_shared_engine/coeff_buf_reg_r1_0_63_7_13/RAMB/I
  -------------------------------------------------------------------    -------------------

                         (clock clk rise edge)        2.000     2.000 r  
                                                      0.000     2.000 r  clk (IN)
                         net (fo=2704, unset)         0.043     2.043    u_wrapper/u_core/u_shared_engine/coeff_buf_reg_r1_0_63_7_13/WCLK
    SLICE_X67Y154        RAMD64E                                      r  u_wrapper/u_core/u_shared_engine/coeff_buf_reg_r1_0_63_7_13/RAMB/CLK
                         clock pessimism              0.000     2.043    
                         clock uncertainty           -0.035     2.008    
    SLICE_X67Y154        RAMD64E (Setup_B6LUT_SLICEM_CLK_I)
                                                     -0.056     1.952    u_wrapper/u_core/u_shared_engine/coeff_buf_reg_r1_0_63_7_13/RAMB
  -------------------------------------------------------------------
                         required time                          1.952    
                         arrival time                          -1.851    
  -------------------------------------------------------------------
                         slack                                  0.101    

Slack (MET) :             0.101ns  (required time - arrival time)
  Source:                 u_wrapper/u_core/u_shared_rom/coeff_reg_1/CLKARDCLK
                            (rising edge-triggered cell RAMB36E2 clocked by clk  {rise@0.000ns fall@1.000ns period=2.000ns})
  Destination:            u_wrapper/u_core/u_shared_engine/coeff_buf_reg_r1_0_63_7_13/RAMB/I
                            (rising edge-triggered cell RAMD64E clocked by clk  {rise@0.000ns fall@1.000ns period=2.000ns})
  Path Group:             clk
  Path Type:              Setup (Max at Slow Process Corner)
  Requirement:            2.000ns  (clk rise@2.000ns - clk rise@0.000ns)
  Data Path Delay:        1.775ns  (logic 0.960ns (54.095%)  route 0.815ns (45.905%))
  Logic Levels:           0  
  Clock Path Skew:        -0.033ns (DCD - SCD + CPR)
    Destination Clock Delay (DCD):    0.043ns = ( 2.043 - 2.000 ) 
    Source Clock Delay      (SCD):    0.076ns
    Clock Pessimism Removal (CPR):    0.000ns
  Clock Uncertainty:      0.035ns  ((TSJ^2 + TIJ^2)^1/2 + DJ) / 2 + PE
    Total System Jitter     (TSJ):    0.071ns
    Total Input Jitter      (TIJ):    0.000ns
    Discrete Jitter          (DJ):    0.000ns
    Phase Error              (PE):    0.000ns

    Location             Delay type                Incr(ns)  Path(ns)    Netlist Resource(s)
  -------------------------------------------------------------------    -------------------
                         (clock clk rise edge)        0.000     0.000 r  
                                                      0.000     0.000 r  clk (IN)
                         net (fo=2704, unset)         0.076     0.076    u_wrapper/u_core/u_shared_rom/clk
    RAMB36_X5Y30         RAMB36E2                                     r  u_wrapper/u_core/u_shared_rom/coeff_reg_1/CLKARDCLK
  -------------------------------------------------------------------    -------------------
    RAMB36_X5Y30         RAMB36E2 (Prop_RAMB36E2_RAMB36_CLKARDCLK_DOUTADOUT[3])
                                                      0.960     1.036 f  u_wrapper/u_core/u_shared_rom/coeff_reg_1/DOUTADOUT[3]
                         net (fo=117, routed)         0.815     1.851    u_wrapper/u_core/u_shared_engine/coeff_buf_reg_r1_0_63_7_13/DIB
    SLICE_X67Y154        RAMD64E                                      f  u_wrapper/u_core/u_shared_engine/coeff_buf_reg_r1_0_63_7_13/RAMB/I
  -------------------------------------------------------------------    -------------------

                         (clock clk rise edge)        2.000     2.000 r  
                                                      0.000     2.000 r  clk (IN)
                         net (fo=2704, unset)         0.043     2.043    u_wrapper/u_core/u_shared_engine/coeff_buf_reg_r1_0_63_7_13/WCLK
    SLICE_X67Y154        RAMD64E                                      r  u_wrapper/u_core/u_shared_engine/coeff_buf_reg_r1_0_63_7_13/RAMB/CLK
                         clock pessimism              0.000     2.043    
                         clock uncertainty           -0.035     2.008    
    SLICE_X67Y154        RAMD64E (Setup_B6LUT_SLICEM_CLK_I)
                                                     -0.056     1.952    u_wrapper/u_core/u_shared_engine/coeff_buf_reg_r1_0_63_7_13/RAMB
  -------------------------------------------------------------------
                         required time                          1.952    
                         arrival time                          -1.851    
  -------------------------------------------------------------------
                         slack                                  0.101    




