Copyright 1986-2022 Xilinx, Inc. All Rights Reserved. Copyright 2022-2024 Advanced Micro Devices, Inc. All Rights Reserved.
--------------------------------------------------------------------------------------------------------------------------------------------------
| Tool Version      : Vivado v.2024.1 (win64) Build 5076996 Wed May 22 18:37:14 MDT 2024
| Date              : Mon Jun 29 15:37:03 2026
| Host              : lab running 64-bit major release  (build 9200)
| Command           : report_timing -hold -nworst 20 -file D:/WorkSpace/its_vvc/synth/top_500_singleclk_timing_hold_paths_usp.rpt
| Design            : its_top_500_singleclk
| Device            : xcku5p-ffvb676
| Speed File        : -2  PRODUCTION 1.29 05-01-2022
| Design State      : Physopt postRoute
| Temperature Grade : E
--------------------------------------------------------------------------------------------------------------------------------------------------

Timing Report

Slack (MET) :             0.034ns  (arrival time - required time)
  Source:                 u_wrapper/u_core/output_fifo_wdata_reg[9]/C
                            (rising edge-triggered cell FDCE clocked by clk  {rise@0.000ns fall@1.000ns period=2.000ns})
  Destination:            u_wrapper/u_output_fifo/mem_reg_0_15_0_13/RAME_D1/I
                            (rising edge-triggered cell RAMD32 clocked by clk  {rise@0.000ns fall@1.000ns period=2.000ns})
  Path Group:             clk
  Path Type:              Hold (Min at Fast Process Corner)
  Requirement:            0.000ns  (clk rise@0.000ns - clk rise@0.000ns)
  Data Path Delay:        0.104ns  (logic 0.038ns (36.538%)  route 0.066ns (63.462%))
  Logic Levels:           0  
  Clock Path Skew:        0.026ns (DCD - SCD - CPR)
    Destination Clock Delay (DCD):    0.039ns
    Source Clock Delay      (SCD):    0.013ns
    Clock Pessimism Removal (CPR):    -0.000ns

    Location             Delay type                Incr(ns)  Path(ns)    Netlist Resource(s)
  -------------------------------------------------------------------    -------------------
                         (clock clk rise edge)        0.000     0.000 r  
                                                      0.000     0.000 r  clk (IN)
                         net (fo=2707, unset)         0.013     0.013    u_wrapper/u_core/clk
    SLICE_X66Y167        FDCE                                         r  u_wrapper/u_core/output_fifo_wdata_reg[9]/C
  -------------------------------------------------------------------    -------------------
    SLICE_X66Y167        FDCE (Prop_BFF_SLICEM_C_Q)
                                                      0.038     0.051 r  u_wrapper/u_core/output_fifo_wdata_reg[9]/Q
                         net (fo=1, routed)           0.066     0.117    u_wrapper/u_output_fifo/mem_reg_0_15_0_13/DIE1
    SLICE_X66Y166        RAMD32                                       r  u_wrapper/u_output_fifo/mem_reg_0_15_0_13/RAME_D1/I
  -------------------------------------------------------------------    -------------------

                         (clock clk rise edge)        0.000     0.000 r  
                                                      0.000     0.000 r  clk (IN)
                         net (fo=2707, unset)         0.039     0.039    u_wrapper/u_output_fifo/mem_reg_0_15_0_13/WCLK
    SLICE_X66Y166        RAMD32                                       r  u_wrapper/u_output_fifo/mem_reg_0_15_0_13/RAME_D1/CLK
                         clock pessimism              0.000     0.039    
    SLICE_X66Y166        RAMD32 (Hold_E6LUT_SLICEM_CLK_I)
                                                      0.044     0.083    u_wrapper/u_output_fifo/mem_reg_0_15_0_13/RAME_D1
  -------------------------------------------------------------------
                         required time                         -0.083    
                         arrival time                           0.117    
  -------------------------------------------------------------------
                         slack                                  0.034    

Slack (MET) :             0.034ns  (arrival time - required time)
  Source:                 u_wrapper/u_core/output_fifo_wdata_reg[9]/C
                            (rising edge-triggered cell FDCE clocked by clk  {rise@0.000ns fall@1.000ns period=2.000ns})
  Destination:            u_wrapper/u_output_fifo/mem_reg_0_15_0_13/RAME_D1/I
                            (rising edge-triggered cell RAMD32 clocked by clk  {rise@0.000ns fall@1.000ns period=2.000ns})
  Path Group:             clk
  Path Type:              Hold (Min at Fast Process Corner)
  Requirement:            0.000ns  (clk rise@0.000ns - clk rise@0.000ns)
  Data Path Delay:        0.104ns  (logic 0.038ns (36.538%)  route 0.066ns (63.462%))
  Logic Levels:           0  
  Clock Path Skew:        0.026ns (DCD - SCD - CPR)
    Destination Clock Delay (DCD):    0.039ns
    Source Clock Delay      (SCD):    0.013ns
    Clock Pessimism Removal (CPR):    -0.000ns

    Location             Delay type                Incr(ns)  Path(ns)    Netlist Resource(s)
  -------------------------------------------------------------------    -------------------
                         (clock clk rise edge)        0.000     0.000 r  
                                                      0.000     0.000 r  clk (IN)
                         net (fo=2707, unset)         0.013     0.013    u_wrapper/u_core/clk
    SLICE_X66Y167        FDCE                                         r  u_wrapper/u_core/output_fifo_wdata_reg[9]/C
  -------------------------------------------------------------------    -------------------
    SLICE_X66Y167        FDCE (Prop_BFF_SLICEM_C_Q)
                                                      0.038     0.051 f  u_wrapper/u_core/output_fifo_wdata_reg[9]/Q
                         net (fo=1, routed)           0.066     0.117    u_wrapper/u_output_fifo/mem_reg_0_15_0_13/DIE1
    SLICE_X66Y166        RAMD32                                       f  u_wrapper/u_output_fifo/mem_reg_0_15_0_13/RAME_D1/I
  -------------------------------------------------------------------    -------------------

                         (clock clk rise edge)        0.000     0.000 r  
                                                      0.000     0.000 r  clk (IN)
                         net (fo=2707, unset)         0.039     0.039    u_wrapper/u_output_fifo/mem_reg_0_15_0_13/WCLK
    SLICE_X66Y166        RAMD32                                       r  u_wrapper/u_output_fifo/mem_reg_0_15_0_13/RAME_D1/CLK
                         clock pessimism              0.000     0.039    
    SLICE_X66Y166        RAMD32 (Hold_E6LUT_SLICEM_CLK_I)
                                                      0.044     0.083    u_wrapper/u_output_fifo/mem_reg_0_15_0_13/RAME_D1
  -------------------------------------------------------------------
                         required time                         -0.083    
                         arrival time                           0.117    
  -------------------------------------------------------------------
                         slack                                  0.034    

Slack (MET) :             0.040ns  (arrival time - required time)
  Source:                 u_wrapper/u_core/output_fifo_wdata_reg[9]/C
                            (rising edge-triggered cell FDCE clocked by clk  {rise@0.000ns fall@1.000ns period=2.000ns})
  Destination:            u_wrapper/u_output_fifo/mem_reg_0_15_0_13/RAME_D1/I
                            (rising edge-triggered cell RAMD32 clocked by clk  {rise@0.000ns fall@1.000ns period=2.000ns})
  Path Group:             clk
  Path Type:              Hold (Min at Slow Process Corner)
  Requirement:            0.000ns  (clk rise@0.000ns - clk rise@0.000ns)
  Data Path Delay:        0.136ns  (logic 0.058ns (42.647%)  route 0.078ns (57.353%))
  Logic Levels:           0  
  Clock Path Skew:        0.036ns (DCD - SCD - CPR)
    Destination Clock Delay (DCD):    0.057ns
    Source Clock Delay      (SCD):    0.021ns
    Clock Pessimism Removal (CPR):    -0.000ns

    Location             Delay type                Incr(ns)  Path(ns)    Netlist Resource(s)
  -------------------------------------------------------------------    -------------------
                         (clock clk rise edge)        0.000     0.000 r  
                                                      0.000     0.000 r  clk (IN)
                         net (fo=2707, unset)         0.021     0.021    u_wrapper/u_core/clk
    SLICE_X66Y167        FDCE                                         r  u_wrapper/u_core/output_fifo_wdata_reg[9]/C
  -------------------------------------------------------------------    -------------------
    SLICE_X66Y167        FDCE (Prop_BFF_SLICEM_C_Q)
                                                      0.058     0.079 r  u_wrapper/u_core/output_fifo_wdata_reg[9]/Q
                         net (fo=1, routed)           0.078     0.157    u_wrapper/u_output_fifo/mem_reg_0_15_0_13/DIE1
    SLICE_X66Y166        RAMD32                                       r  u_wrapper/u_output_fifo/mem_reg_0_15_0_13/RAME_D1/I
  -------------------------------------------------------------------    -------------------

                         (clock clk rise edge)        0.000     0.000 r  
                                                      0.000     0.000 r  clk (IN)
                         net (fo=2707, unset)         0.057     0.057    u_wrapper/u_output_fifo/mem_reg_0_15_0_13/WCLK
    SLICE_X66Y166        RAMD32                                       r  u_wrapper/u_output_fifo/mem_reg_0_15_0_13/RAME_D1/CLK
                         clock pessimism              0.000     0.057    
    SLICE_X66Y166        RAMD32 (Hold_E6LUT_SLICEM_CLK_I)
                                                      0.060     0.117    u_wrapper/u_output_fifo/mem_reg_0_15_0_13/RAME_D1
  -------------------------------------------------------------------
                         required time                         -0.117    
                         arrival time                           0.157    
  -------------------------------------------------------------------
                         slack                                  0.040    

Slack (MET) :             0.040ns  (arrival time - required time)
  Source:                 u_wrapper/u_core/output_fifo_wdata_reg[9]/C
                            (rising edge-triggered cell FDCE clocked by clk  {rise@0.000ns fall@1.000ns period=2.000ns})
  Destination:            u_wrapper/u_output_fifo/mem_reg_0_15_0_13/RAME_D1/I
                            (rising edge-triggered cell RAMD32 clocked by clk  {rise@0.000ns fall@1.000ns period=2.000ns})
  Path Group:             clk
  Path Type:              Hold (Min at Slow Process Corner)
  Requirement:            0.000ns  (clk rise@0.000ns - clk rise@0.000ns)
  Data Path Delay:        0.136ns  (logic 0.058ns (42.647%)  route 0.078ns (57.353%))
  Logic Levels:           0  
  Clock Path Skew:        0.036ns (DCD - SCD - CPR)
    Destination Clock Delay (DCD):    0.057ns
    Source Clock Delay      (SCD):    0.021ns
    Clock Pessimism Removal (CPR):    -0.000ns

    Location             Delay type                Incr(ns)  Path(ns)    Netlist Resource(s)
  -------------------------------------------------------------------    -------------------
                         (clock clk rise edge)        0.000     0.000 r  
                                                      0.000     0.000 r  clk (IN)
                         net (fo=2707, unset)         0.021     0.021    u_wrapper/u_core/clk
    SLICE_X66Y167        FDCE                                         r  u_wrapper/u_core/output_fifo_wdata_reg[9]/C
  -------------------------------------------------------------------    -------------------
    SLICE_X66Y167        FDCE (Prop_BFF_SLICEM_C_Q)
                                                      0.058     0.079 f  u_wrapper/u_core/output_fifo_wdata_reg[9]/Q
                         net (fo=1, routed)           0.078     0.157    u_wrapper/u_output_fifo/mem_reg_0_15_0_13/DIE1
    SLICE_X66Y166        RAMD32                                       f  u_wrapper/u_output_fifo/mem_reg_0_15_0_13/RAME_D1/I
  -------------------------------------------------------------------    -------------------

                         (clock clk rise edge)        0.000     0.000 r  
                                                      0.000     0.000 r  clk (IN)
                         net (fo=2707, unset)         0.057     0.057    u_wrapper/u_output_fifo/mem_reg_0_15_0_13/WCLK
    SLICE_X66Y166        RAMD32                                       r  u_wrapper/u_output_fifo/mem_reg_0_15_0_13/RAME_D1/CLK
                         clock pessimism              0.000     0.057    
    SLICE_X66Y166        RAMD32 (Hold_E6LUT_SLICEM_CLK_I)
                                                      0.060     0.117    u_wrapper/u_output_fifo/mem_reg_0_15_0_13/RAME_D1
  -------------------------------------------------------------------
                         required time                         -0.117    
                         arrival time                           0.157    
  -------------------------------------------------------------------
                         slack                                  0.040    

Slack (MET) :             0.042ns  (arrival time - required time)
  Source:                 u_wrapper/u_core/lfnst_wr_addr_reg[0]/C
                            (rising edge-triggered cell FDCE clocked by clk  {rise@0.000ns fall@1.000ns period=2.000ns})
  Destination:            u_wrapper/u_core/lfnst_wr_addr_reg[1]/D
                            (rising edge-triggered cell FDCE clocked by clk  {rise@0.000ns fall@1.000ns period=2.000ns})
  Path Group:             clk
  Path Type:              Hold (Min at Fast Process Corner)
  Requirement:            0.000ns  (clk rise@0.000ns - clk rise@0.000ns)
  Data Path Delay:        0.095ns  (logic 0.059ns (62.413%)  route 0.036ns (37.587%))
  Logic Levels:           1  (LUT3=1)
  Clock Path Skew:        0.006ns (DCD - SCD - CPR)
    Destination Clock Delay (DCD):    0.019ns
    Source Clock Delay      (SCD):    0.013ns
    Clock Pessimism Removal (CPR):    -0.000ns

    Location             Delay type                Incr(ns)  Path(ns)    Netlist Resource(s)
  -------------------------------------------------------------------    -------------------
                         (clock clk rise edge)        0.000     0.000 r  
                                                      0.000     0.000 r  clk (IN)
                         net (fo=2707, unset)         0.013     0.013    u_wrapper/u_core/clk
    SLICE_X63Y189        FDCE                                         r  u_wrapper/u_core/lfnst_wr_addr_reg[0]/C
  -------------------------------------------------------------------    -------------------
    SLICE_X63Y189        FDCE (Prop_FFF_SLICEL_C_Q)
                                                      0.039     0.052 r  u_wrapper/u_core/lfnst_wr_addr_reg[0]/Q
                         net (fo=29, routed)          0.030     0.082    u_wrapper/u_core/u_lfnst/lfnst_wr_addr_reg[5][0]
    SLICE_X63Y189        LUT3 (Prop_H5LUT_SLICEL_I1_O)
                                                      0.020     0.102 r  u_wrapper/u_core/u_lfnst/lfnst_wr_addr[1]_i_1/O
                         net (fo=1, routed)           0.006     0.108    u_wrapper/u_core/u_lfnst_n_7
    SLICE_X63Y189        FDCE                                         r  u_wrapper/u_core/lfnst_wr_addr_reg[1]/D
  -------------------------------------------------------------------    -------------------

                         (clock clk rise edge)        0.000     0.000 r  
                                                      0.000     0.000 r  clk (IN)
                         net (fo=2707, unset)         0.019     0.019    u_wrapper/u_core/clk
    SLICE_X63Y189        FDCE                                         r  u_wrapper/u_core/lfnst_wr_addr_reg[1]/C
                         clock pessimism              0.000     0.019    
    SLICE_X63Y189        FDCE (Hold_HFF2_SLICEL_C_D)
                                                      0.047     0.066    u_wrapper/u_core/lfnst_wr_addr_reg[1]
  -------------------------------------------------------------------
                         required time                         -0.066    
                         arrival time                           0.108    
  -------------------------------------------------------------------
                         slack                                  0.042    

Slack (MET) :             0.042ns  (arrival time - required time)
  Source:                 u_wrapper/u_core/lfnst_wr_addr_reg[0]/C
                            (rising edge-triggered cell FDCE clocked by clk  {rise@0.000ns fall@1.000ns period=2.000ns})
  Destination:            u_wrapper/u_core/lfnst_wr_addr_reg[1]/D
                            (rising edge-triggered cell FDCE clocked by clk  {rise@0.000ns fall@1.000ns period=2.000ns})
  Path Group:             clk
  Path Type:              Hold (Min at Fast Process Corner)
  Requirement:            0.000ns  (clk rise@0.000ns - clk rise@0.000ns)
  Data Path Delay:        0.095ns  (logic 0.059ns (62.413%)  route 0.036ns (37.587%))
  Logic Levels:           1  (LUT3=1)
  Clock Path Skew:        0.006ns (DCD - SCD - CPR)
    Destination Clock Delay (DCD):    0.019ns
    Source Clock Delay      (SCD):    0.013ns
    Clock Pessimism Removal (CPR):    -0.000ns

    Location             Delay type                Incr(ns)  Path(ns)    Netlist Resource(s)
  -------------------------------------------------------------------    -------------------
                         (clock clk rise edge)        0.000     0.000 r  
                                                      0.000     0.000 r  clk (IN)
                         net (fo=2707, unset)         0.013     0.013    u_wrapper/u_core/clk
    SLICE_X63Y189        FDCE                                         r  u_wrapper/u_core/lfnst_wr_addr_reg[0]/C
  -------------------------------------------------------------------    -------------------
    SLICE_X63Y189        FDCE (Prop_FFF_SLICEL_C_Q)
                                                      0.039     0.052 f  u_wrapper/u_core/lfnst_wr_addr_reg[0]/Q
                         net (fo=29, routed)          0.030     0.082    u_wrapper/u_core/u_lfnst/lfnst_wr_addr_reg[5][0]
    SLICE_X63Y189        LUT3 (Prop_H5LUT_SLICEL_I1_O)
                                                      0.020     0.102 r  u_wrapper/u_core/u_lfnst/lfnst_wr_addr[1]_i_1/O
                         net (fo=1, routed)           0.006     0.108    u_wrapper/u_core/u_lfnst_n_7
    SLICE_X63Y189        FDCE                                         r  u_wrapper/u_core/lfnst_wr_addr_reg[1]/D
  -------------------------------------------------------------------    -------------------

                         (clock clk rise edge)        0.000     0.000 r  
                                                      0.000     0.000 r  clk (IN)
                         net (fo=2707, unset)         0.019     0.019    u_wrapper/u_core/clk
    SLICE_X63Y189        FDCE                                         r  u_wrapper/u_core/lfnst_wr_addr_reg[1]/C
                         clock pessimism              0.000     0.019    
    SLICE_X63Y189        FDCE (Hold_HFF2_SLICEL_C_D)
                                                      0.047     0.066    u_wrapper/u_core/lfnst_wr_addr_reg[1]
  -------------------------------------------------------------------
                         required time                         -0.066    
                         arrival time                           0.108    
  -------------------------------------------------------------------
                         slack                                  0.042    

Slack (MET) :             0.042ns  (arrival time - required time)
  Source:                 u_wrapper/u_core/lfnst_wr_addr_reg[0]/C
                            (rising edge-triggered cell FDCE clocked by clk  {rise@0.000ns fall@1.000ns period=2.000ns})
  Destination:            u_wrapper/u_core/lfnst_wr_addr_reg[1]/D
                            (rising edge-triggered cell FDCE clocked by clk  {rise@0.000ns fall@1.000ns period=2.000ns})
  Path Group:             clk
  Path Type:              Hold (Min at Fast Process Corner)
  Requirement:            0.000ns  (clk rise@0.000ns - clk rise@0.000ns)
  Data Path Delay:        0.095ns  (logic 0.059ns (62.413%)  route 0.036ns (37.587%))
  Logic Levels:           1  (LUT3=1)
  Clock Path Skew:        0.006ns (DCD - SCD - CPR)
    Destination Clock Delay (DCD):    0.019ns
    Source Clock Delay      (SCD):    0.013ns
    Clock Pessimism Removal (CPR):    -0.000ns

    Location             Delay type                Incr(ns)  Path(ns)    Netlist Resource(s)
  -------------------------------------------------------------------    -------------------
                         (clock clk rise edge)        0.000     0.000 r  
                                                      0.000     0.000 r  clk (IN)
                         net (fo=2707, unset)         0.013     0.013    u_wrapper/u_core/clk
    SLICE_X63Y189        FDCE                                         r  u_wrapper/u_core/lfnst_wr_addr_reg[0]/C
  -------------------------------------------------------------------    -------------------
    SLICE_X63Y189        FDCE (Prop_FFF_SLICEL_C_Q)
                                                      0.039     0.052 r  u_wrapper/u_core/lfnst_wr_addr_reg[0]/Q
                         net (fo=29, routed)          0.030     0.082    u_wrapper/u_core/u_lfnst/lfnst_wr_addr_reg[5][0]
    SLICE_X63Y189        LUT3 (Prop_H5LUT_SLICEL_I1_O)
                                                      0.020     0.102 f  u_wrapper/u_core/u_lfnst/lfnst_wr_addr[1]_i_1/O
                         net (fo=1, routed)           0.006     0.108    u_wrapper/u_core/u_lfnst_n_7
    SLICE_X63Y189        FDCE                                         f  u_wrapper/u_core/lfnst_wr_addr_reg[1]/D
  -------------------------------------------------------------------    -------------------

                         (clock clk rise edge)        0.000     0.000 r  
                                                      0.000     0.000 r  clk (IN)
                         net (fo=2707, unset)         0.019     0.019    u_wrapper/u_core/clk
    SLICE_X63Y189        FDCE                                         r  u_wrapper/u_core/lfnst_wr_addr_reg[1]/C
                         clock pessimism              0.000     0.019    
    SLICE_X63Y189        FDCE (Hold_HFF2_SLICEL_C_D)
                                                      0.047     0.066    u_wrapper/u_core/lfnst_wr_addr_reg[1]
  -------------------------------------------------------------------
                         required time                         -0.066    
                         arrival time                           0.108    
  -------------------------------------------------------------------
                         slack                                  0.042    

Slack (MET) :             0.042ns  (arrival time - required time)
  Source:                 u_wrapper/u_core/lfnst_wr_addr_reg[0]/C
                            (rising edge-triggered cell FDCE clocked by clk  {rise@0.000ns fall@1.000ns period=2.000ns})
  Destination:            u_wrapper/u_core/lfnst_wr_addr_reg[1]/D
                            (rising edge-triggered cell FDCE clocked by clk  {rise@0.000ns fall@1.000ns period=2.000ns})
  Path Group:             clk
  Path Type:              Hold (Min at Fast Process Corner)
  Requirement:            0.000ns  (clk rise@0.000ns - clk rise@0.000ns)
  Data Path Delay:        0.095ns  (logic 0.059ns (62.413%)  route 0.036ns (37.587%))
  Logic Levels:           1  (LUT3=1)
  Clock Path Skew:        0.006ns (DCD - SCD - CPR)
    Destination Clock Delay (DCD):    0.019ns
    Source Clock Delay      (SCD):    0.013ns
    Clock Pessimism Removal (CPR):    -0.000ns

    Location             Delay type                Incr(ns)  Path(ns)    Netlist Resource(s)
  -------------------------------------------------------------------    -------------------
                         (clock clk rise edge)        0.000     0.000 r  
                                                      0.000     0.000 r  clk (IN)
                         net (fo=2707, unset)         0.013     0.013    u_wrapper/u_core/clk
    SLICE_X63Y189        FDCE                                         r  u_wrapper/u_core/lfnst_wr_addr_reg[0]/C
  -------------------------------------------------------------------    -------------------
    SLICE_X63Y189        FDCE (Prop_FFF_SLICEL_C_Q)
                                                      0.039     0.052 f  u_wrapper/u_core/lfnst_wr_addr_reg[0]/Q
                         net (fo=29, routed)          0.030     0.082    u_wrapper/u_core/u_lfnst/lfnst_wr_addr_reg[5][0]
    SLICE_X63Y189        LUT3 (Prop_H5LUT_SLICEL_I1_O)
                                                      0.020     0.102 f  u_wrapper/u_core/u_lfnst/lfnst_wr_addr[1]_i_1/O
                         net (fo=1, routed)           0.006     0.108    u_wrapper/u_core/u_lfnst_n_7
    SLICE_X63Y189        FDCE                                         f  u_wrapper/u_core/lfnst_wr_addr_reg[1]/D
  -------------------------------------------------------------------    -------------------

                         (clock clk rise edge)        0.000     0.000 r  
                                                      0.000     0.000 r  clk (IN)
                         net (fo=2707, unset)         0.019     0.019    u_wrapper/u_core/clk
    SLICE_X63Y189        FDCE                                         r  u_wrapper/u_core/lfnst_wr_addr_reg[1]/C
                         clock pessimism              0.000     0.019    
    SLICE_X63Y189        FDCE (Hold_HFF2_SLICEL_C_D)
                                                      0.047     0.066    u_wrapper/u_core/lfnst_wr_addr_reg[1]
  -------------------------------------------------------------------
                         required time                         -0.066    
                         arrival time                           0.108    
  -------------------------------------------------------------------
                         slack                                  0.042    

Slack (MET) :             0.045ns  (arrival time - required time)
  Source:                 u_wrapper/u_core/out_cnt_reg[9]/C
                            (rising edge-triggered cell FDCE clocked by clk  {rise@0.000ns fall@1.000ns period=2.000ns})
  Destination:            u_wrapper/u_core/out_cnt_reg[10]/D
                            (rising edge-triggered cell FDCE clocked by clk  {rise@0.000ns fall@1.000ns period=2.000ns})
  Path Group:             clk
  Path Type:              Hold (Min at Fast Process Corner)
  Requirement:            0.000ns  (clk rise@0.000ns - clk rise@0.000ns)
  Data Path Delay:        0.098ns  (logic 0.059ns (60.073%)  route 0.039ns (39.927%))
  Logic Levels:           1  (LUT5=1)
  Clock Path Skew:        0.006ns (DCD - SCD - CPR)
    Destination Clock Delay (DCD):    0.019ns
    Source Clock Delay      (SCD):    0.013ns
    Clock Pessimism Removal (CPR):    -0.000ns

    Location             Delay type                Incr(ns)  Path(ns)    Netlist Resource(s)
  -------------------------------------------------------------------    -------------------
                         (clock clk rise edge)        0.000     0.000 r  
                                                      0.000     0.000 r  clk (IN)
                         net (fo=2707, unset)         0.013     0.013    u_wrapper/u_core/clk
    SLICE_X64Y173        FDCE                                         r  u_wrapper/u_core/out_cnt_reg[9]/C
  -------------------------------------------------------------------    -------------------
    SLICE_X64Y173        FDCE (Prop_GFF_SLICEL_C_Q)
                                                      0.039     0.052 r  u_wrapper/u_core/out_cnt_reg[9]/Q
                         net (fo=13, routed)          0.033     0.085    u_wrapper/u_core/out_cnt_reg[9]
    SLICE_X64Y173        LUT5 (Prop_G5LUT_SLICEL_I3_O)
                                                      0.020     0.105 r  u_wrapper/u_core/out_cnt[10]_i_1/O
                         net (fo=1, routed)           0.006     0.111    u_wrapper/u_core/out_cnt[10]_i_1_n_0
    SLICE_X64Y173        FDCE                                         r  u_wrapper/u_core/out_cnt_reg[10]/D
  -------------------------------------------------------------------    -------------------

                         (clock clk rise edge)        0.000     0.000 r  
                                                      0.000     0.000 r  clk (IN)
                         net (fo=2707, unset)         0.019     0.019    u_wrapper/u_core/clk
    SLICE_X64Y173        FDCE                                         r  u_wrapper/u_core/out_cnt_reg[10]/C
                         clock pessimism              0.000     0.019    
    SLICE_X64Y173        FDCE (Hold_GFF2_SLICEL_C_D)
                                                      0.047     0.066    u_wrapper/u_core/out_cnt_reg[10]
  -------------------------------------------------------------------
                         required time                         -0.066    
                         arrival time                           0.111    
  -------------------------------------------------------------------
                         slack                                  0.045    

Slack (MET) :             0.045ns  (arrival time - required time)
  Source:                 u_wrapper/u_core/out_cnt_reg[9]/C
                            (rising edge-triggered cell FDCE clocked by clk  {rise@0.000ns fall@1.000ns period=2.000ns})
  Destination:            u_wrapper/u_core/out_cnt_reg[10]/D
                            (rising edge-triggered cell FDCE clocked by clk  {rise@0.000ns fall@1.000ns period=2.000ns})
  Path Group:             clk
  Path Type:              Hold (Min at Fast Process Corner)
  Requirement:            0.000ns  (clk rise@0.000ns - clk rise@0.000ns)
  Data Path Delay:        0.098ns  (logic 0.059ns (60.073%)  route 0.039ns (39.927%))
  Logic Levels:           1  (LUT5=1)
  Clock Path Skew:        0.006ns (DCD - SCD - CPR)
    Destination Clock Delay (DCD):    0.019ns
    Source Clock Delay      (SCD):    0.013ns
    Clock Pessimism Removal (CPR):    -0.000ns

    Location             Delay type                Incr(ns)  Path(ns)    Netlist Resource(s)
  -------------------------------------------------------------------    -------------------
                         (clock clk rise edge)        0.000     0.000 r  
                                                      0.000     0.000 r  clk (IN)
                         net (fo=2707, unset)         0.013     0.013    u_wrapper/u_core/clk
    SLICE_X64Y173        FDCE                                         r  u_wrapper/u_core/out_cnt_reg[9]/C
  -------------------------------------------------------------------    -------------------
    SLICE_X64Y173        FDCE (Prop_GFF_SLICEL_C_Q)
                                                      0.039     0.052 f  u_wrapper/u_core/out_cnt_reg[9]/Q
                         net (fo=13, routed)          0.033     0.085    u_wrapper/u_core/out_cnt_reg[9]
    SLICE_X64Y173        LUT5 (Prop_G5LUT_SLICEL_I3_O)
                                                      0.020     0.105 r  u_wrapper/u_core/out_cnt[10]_i_1/O
                         net (fo=1, routed)           0.006     0.111    u_wrapper/u_core/out_cnt[10]_i_1_n_0
    SLICE_X64Y173        FDCE                                         r  u_wrapper/u_core/out_cnt_reg[10]/D
  -------------------------------------------------------------------    -------------------

                         (clock clk rise edge)        0.000     0.000 r  
                                                      0.000     0.000 r  clk (IN)
                         net (fo=2707, unset)         0.019     0.019    u_wrapper/u_core/clk
    SLICE_X64Y173        FDCE                                         r  u_wrapper/u_core/out_cnt_reg[10]/C
                         clock pessimism              0.000     0.019    
    SLICE_X64Y173        FDCE (Hold_GFF2_SLICEL_C_D)
                                                      0.047     0.066    u_wrapper/u_core/out_cnt_reg[10]
  -------------------------------------------------------------------
                         required time                         -0.066    
                         arrival time                           0.111    
  -------------------------------------------------------------------
                         slack                                  0.045    

Slack (MET) :             0.045ns  (arrival time - required time)
  Source:                 u_wrapper/u_core/out_cnt_reg[9]/C
                            (rising edge-triggered cell FDCE clocked by clk  {rise@0.000ns fall@1.000ns period=2.000ns})
  Destination:            u_wrapper/u_core/out_cnt_reg[10]/D
                            (rising edge-triggered cell FDCE clocked by clk  {rise@0.000ns fall@1.000ns period=2.000ns})
  Path Group:             clk
  Path Type:              Hold (Min at Fast Process Corner)
  Requirement:            0.000ns  (clk rise@0.000ns - clk rise@0.000ns)
  Data Path Delay:        0.098ns  (logic 0.059ns (60.073%)  route 0.039ns (39.927%))
  Logic Levels:           1  (LUT5=1)
  Clock Path Skew:        0.006ns (DCD - SCD - CPR)
    Destination Clock Delay (DCD):    0.019ns
    Source Clock Delay      (SCD):    0.013ns
    Clock Pessimism Removal (CPR):    -0.000ns

    Location             Delay type                Incr(ns)  Path(ns)    Netlist Resource(s)
  -------------------------------------------------------------------    -------------------
                         (clock clk rise edge)        0.000     0.000 r  
                                                      0.000     0.000 r  clk (IN)
                         net (fo=2707, unset)         0.013     0.013    u_wrapper/u_core/clk
    SLICE_X64Y173        FDCE                                         r  u_wrapper/u_core/out_cnt_reg[9]/C
  -------------------------------------------------------------------    -------------------
    SLICE_X64Y173        FDCE (Prop_GFF_SLICEL_C_Q)
                                                      0.039     0.052 r  u_wrapper/u_core/out_cnt_reg[9]/Q
                         net (fo=13, routed)          0.033     0.085    u_wrapper/u_core/out_cnt_reg[9]
    SLICE_X64Y173        LUT5 (Prop_G5LUT_SLICEL_I3_O)
                                                      0.020     0.105 f  u_wrapper/u_core/out_cnt[10]_i_1/O
                         net (fo=1, routed)           0.006     0.111    u_wrapper/u_core/out_cnt[10]_i_1_n_0
    SLICE_X64Y173        FDCE                                         f  u_wrapper/u_core/out_cnt_reg[10]/D
  -------------------------------------------------------------------    -------------------

                         (clock clk rise edge)        0.000     0.000 r  
                                                      0.000     0.000 r  clk (IN)
                         net (fo=2707, unset)         0.019     0.019    u_wrapper/u_core/clk
    SLICE_X64Y173        FDCE                                         r  u_wrapper/u_core/out_cnt_reg[10]/C
                         clock pessimism              0.000     0.019    
    SLICE_X64Y173        FDCE (Hold_GFF2_SLICEL_C_D)
                                                      0.047     0.066    u_wrapper/u_core/out_cnt_reg[10]
  -------------------------------------------------------------------
                         required time                         -0.066    
                         arrival time                           0.111    
  -------------------------------------------------------------------
                         slack                                  0.045    

Slack (MET) :             0.045ns  (arrival time - required time)
  Source:                 u_wrapper/u_core/out_cnt_reg[9]/C
                            (rising edge-triggered cell FDCE clocked by clk  {rise@0.000ns fall@1.000ns period=2.000ns})
  Destination:            u_wrapper/u_core/out_cnt_reg[10]/D
                            (rising edge-triggered cell FDCE clocked by clk  {rise@0.000ns fall@1.000ns period=2.000ns})
  Path Group:             clk
  Path Type:              Hold (Min at Fast Process Corner)
  Requirement:            0.000ns  (clk rise@0.000ns - clk rise@0.000ns)
  Data Path Delay:        0.098ns  (logic 0.059ns (60.073%)  route 0.039ns (39.927%))
  Logic Levels:           1  (LUT5=1)
  Clock Path Skew:        0.006ns (DCD - SCD - CPR)
    Destination Clock Delay (DCD):    0.019ns
    Source Clock Delay      (SCD):    0.013ns
    Clock Pessimism Removal (CPR):    -0.000ns

    Location             Delay type                Incr(ns)  Path(ns)    Netlist Resource(s)
  -------------------------------------------------------------------    -------------------
                         (clock clk rise edge)        0.000     0.000 r  
                                                      0.000     0.000 r  clk (IN)
                         net (fo=2707, unset)         0.013     0.013    u_wrapper/u_core/clk
    SLICE_X64Y173        FDCE                                         r  u_wrapper/u_core/out_cnt_reg[9]/C
  -------------------------------------------------------------------    -------------------
    SLICE_X64Y173        FDCE (Prop_GFF_SLICEL_C_Q)
                                                      0.039     0.052 f  u_wrapper/u_core/out_cnt_reg[9]/Q
                         net (fo=13, routed)          0.033     0.085    u_wrapper/u_core/out_cnt_reg[9]
    SLICE_X64Y173        LUT5 (Prop_G5LUT_SLICEL_I3_O)
                                                      0.020     0.105 f  u_wrapper/u_core/out_cnt[10]_i_1/O
                         net (fo=1, routed)           0.006     0.111    u_wrapper/u_core/out_cnt[10]_i_1_n_0
    SLICE_X64Y173        FDCE                                         f  u_wrapper/u_core/out_cnt_reg[10]/D
  -------------------------------------------------------------------    -------------------

                         (clock clk rise edge)        0.000     0.000 r  
                                                      0.000     0.000 r  clk (IN)
                         net (fo=2707, unset)         0.019     0.019    u_wrapper/u_core/clk
    SLICE_X64Y173        FDCE                                         r  u_wrapper/u_core/out_cnt_reg[10]/C
                         clock pessimism              0.000     0.019    
    SLICE_X64Y173        FDCE (Hold_GFF2_SLICEL_C_D)
                                                      0.047     0.066    u_wrapper/u_core/out_cnt_reg[10]
  -------------------------------------------------------------------
                         required time                         -0.066    
                         arrival time                           0.111    
  -------------------------------------------------------------------
                         slack                                  0.045    

Slack (MET) :             0.046ns  (arrival time - required time)
  Source:                 u_wrapper/u_core/clr_cnt_reg[4]/C
                            (rising edge-triggered cell FDCE clocked by clk  {rise@0.000ns fall@1.000ns period=2.000ns})
  Destination:            u_wrapper/u_core/clr_cnt_reg[4]/D
                            (rising edge-triggered cell FDCE clocked by clk  {rise@0.000ns fall@1.000ns period=2.000ns})
  Path Group:             clk
  Path Type:              Hold (Min at Fast Process Corner)
  Requirement:            0.000ns  (clk rise@0.000ns - clk rise@0.000ns)
  Data Path Delay:        0.098ns  (logic 0.054ns (55.367%)  route 0.044ns (44.633%))
  Logic Levels:           1  (LUT6=1)
  Clock Path Skew:        0.006ns (DCD - SCD - CPR)
    Destination Clock Delay (DCD):    0.018ns
    Source Clock Delay      (SCD):    0.012ns
    Clock Pessimism Removal (CPR):    -0.000ns

    Location             Delay type                Incr(ns)  Path(ns)    Netlist Resource(s)
  -------------------------------------------------------------------    -------------------
                         (clock clk rise edge)        0.000     0.000 r  
                                                      0.000     0.000 r  clk (IN)
                         net (fo=2707, unset)         0.012     0.012    u_wrapper/u_core/clk
    SLICE_X60Y177        FDCE                                         r  u_wrapper/u_core/clr_cnt_reg[4]/C
  -------------------------------------------------------------------    -------------------
    SLICE_X60Y177        FDCE (Prop_BFF_SLICEL_C_Q)
                                                      0.039     0.051 r  u_wrapper/u_core/clr_cnt_reg[4]/Q
                         net (fo=5, routed)           0.029     0.080    u_wrapper/u_core/clr_cnt_reg[4]
    SLICE_X60Y177        LUT6 (Prop_B6LUT_SLICEL_I5_O)
                                                      0.015     0.095 r  u_wrapper/u_core/clr_cnt[4]_i_1/O
                         net (fo=1, routed)           0.015     0.110    u_wrapper/u_core/clr_cnt[4]_i_1_n_0
    SLICE_X60Y177        FDCE                                         r  u_wrapper/u_core/clr_cnt_reg[4]/D
  -------------------------------------------------------------------    -------------------

                         (clock clk rise edge)        0.000     0.000 r  
                                                      0.000     0.000 r  clk (IN)
                         net (fo=2707, unset)         0.018     0.018    u_wrapper/u_core/clk
    SLICE_X60Y177        FDCE                                         r  u_wrapper/u_core/clr_cnt_reg[4]/C
                         clock pessimism              0.000     0.018    
    SLICE_X60Y177        FDCE (Hold_BFF_SLICEL_C_D)
                                                      0.046     0.064    u_wrapper/u_core/clr_cnt_reg[4]
  -------------------------------------------------------------------
                         required time                         -0.064    
                         arrival time                           0.110    
  -------------------------------------------------------------------
                         slack                                  0.046    

Slack (MET) :             0.046ns  (arrival time - required time)
  Source:                 u_wrapper/u_core/clr_cnt_reg[4]/C
                            (rising edge-triggered cell FDCE clocked by clk  {rise@0.000ns fall@1.000ns period=2.000ns})
  Destination:            u_wrapper/u_core/clr_cnt_reg[4]/D
                            (rising edge-triggered cell FDCE clocked by clk  {rise@0.000ns fall@1.000ns period=2.000ns})
  Path Group:             clk
  Path Type:              Hold (Min at Fast Process Corner)
  Requirement:            0.000ns  (clk rise@0.000ns - clk rise@0.000ns)
  Data Path Delay:        0.098ns  (logic 0.054ns (55.367%)  route 0.044ns (44.633%))
  Logic Levels:           1  (LUT6=1)
  Clock Path Skew:        0.006ns (DCD - SCD - CPR)
    Destination Clock Delay (DCD):    0.018ns
    Source Clock Delay      (SCD):    0.012ns
    Clock Pessimism Removal (CPR):    -0.000ns

    Location             Delay type                Incr(ns)  Path(ns)    Netlist Resource(s)
  -------------------------------------------------------------------    -------------------
                         (clock clk rise edge)        0.000     0.000 r  
                                                      0.000     0.000 r  clk (IN)
                         net (fo=2707, unset)         0.012     0.012    u_wrapper/u_core/clk
    SLICE_X60Y177        FDCE                                         r  u_wrapper/u_core/clr_cnt_reg[4]/C
  -------------------------------------------------------------------    -------------------
    SLICE_X60Y177        FDCE (Prop_BFF_SLICEL_C_Q)
                                                      0.039     0.051 f  u_wrapper/u_core/clr_cnt_reg[4]/Q
                         net (fo=5, routed)           0.029     0.080    u_wrapper/u_core/clr_cnt_reg[4]
    SLICE_X60Y177        LUT6 (Prop_B6LUT_SLICEL_I5_O)
                                                      0.015     0.095 r  u_wrapper/u_core/clr_cnt[4]_i_1/O
                         net (fo=1, routed)           0.015     0.110    u_wrapper/u_core/clr_cnt[4]_i_1_n_0
    SLICE_X60Y177        FDCE                                         r  u_wrapper/u_core/clr_cnt_reg[4]/D
  -------------------------------------------------------------------    -------------------

                         (clock clk rise edge)        0.000     0.000 r  
                                                      0.000     0.000 r  clk (IN)
                         net (fo=2707, unset)         0.018     0.018    u_wrapper/u_core/clk
    SLICE_X60Y177        FDCE                                         r  u_wrapper/u_core/clr_cnt_reg[4]/C
                         clock pessimism              0.000     0.018    
    SLICE_X60Y177        FDCE (Hold_BFF_SLICEL_C_D)
                                                      0.046     0.064    u_wrapper/u_core/clr_cnt_reg[4]
  -------------------------------------------------------------------
                         required time                         -0.064    
                         arrival time                           0.110    
  -------------------------------------------------------------------
                         slack                                  0.046    

Slack (MET) :             0.046ns  (arrival time - required time)
  Source:                 u_wrapper/u_core/clr_cnt_reg[4]/C
                            (rising edge-triggered cell FDCE clocked by clk  {rise@0.000ns fall@1.000ns period=2.000ns})
  Destination:            u_wrapper/u_core/clr_cnt_reg[4]/D
                            (rising edge-triggered cell FDCE clocked by clk  {rise@0.000ns fall@1.000ns period=2.000ns})
  Path Group:             clk
  Path Type:              Hold (Min at Fast Process Corner)
  Requirement:            0.000ns  (clk rise@0.000ns - clk rise@0.000ns)
  Data Path Delay:        0.098ns  (logic 0.054ns (55.367%)  route 0.044ns (44.633%))
  Logic Levels:           1  (LUT6=1)
  Clock Path Skew:        0.006ns (DCD - SCD - CPR)
    Destination Clock Delay (DCD):    0.018ns
    Source Clock Delay      (SCD):    0.012ns
    Clock Pessimism Removal (CPR):    -0.000ns

    Location             Delay type                Incr(ns)  Path(ns)    Netlist Resource(s)
  -------------------------------------------------------------------    -------------------
                         (clock clk rise edge)        0.000     0.000 r  
                                                      0.000     0.000 r  clk (IN)
                         net (fo=2707, unset)         0.012     0.012    u_wrapper/u_core/clk
    SLICE_X60Y177        FDCE                                         r  u_wrapper/u_core/clr_cnt_reg[4]/C
  -------------------------------------------------------------------    -------------------
    SLICE_X60Y177        FDCE (Prop_BFF_SLICEL_C_Q)
                                                      0.039     0.051 r  u_wrapper/u_core/clr_cnt_reg[4]/Q
                         net (fo=5, routed)           0.029     0.080    u_wrapper/u_core/clr_cnt_reg[4]
    SLICE_X60Y177        LUT6 (Prop_B6LUT_SLICEL_I5_O)
                                                      0.015     0.095 f  u_wrapper/u_core/clr_cnt[4]_i_1/O
                         net (fo=1, routed)           0.015     0.110    u_wrapper/u_core/clr_cnt[4]_i_1_n_0
    SLICE_X60Y177        FDCE                                         f  u_wrapper/u_core/clr_cnt_reg[4]/D
  -------------------------------------------------------------------    -------------------

                         (clock clk rise edge)        0.000     0.000 r  
                                                      0.000     0.000 r  clk (IN)
                         net (fo=2707, unset)         0.018     0.018    u_wrapper/u_core/clk
    SLICE_X60Y177        FDCE                                         r  u_wrapper/u_core/clr_cnt_reg[4]/C
                         clock pessimism              0.000     0.018    
    SLICE_X60Y177        FDCE (Hold_BFF_SLICEL_C_D)
                                                      0.046     0.064    u_wrapper/u_core/clr_cnt_reg[4]
  -------------------------------------------------------------------
                         required time                         -0.064    
                         arrival time                           0.110    
  -------------------------------------------------------------------
                         slack                                  0.046    

Slack (MET) :             0.046ns  (arrival time - required time)
  Source:                 u_wrapper/u_core/clr_cnt_reg[4]/C
                            (rising edge-triggered cell FDCE clocked by clk  {rise@0.000ns fall@1.000ns period=2.000ns})
  Destination:            u_wrapper/u_core/clr_cnt_reg[4]/D
                            (rising edge-triggered cell FDCE clocked by clk  {rise@0.000ns fall@1.000ns period=2.000ns})
  Path Group:             clk
  Path Type:              Hold (Min at Fast Process Corner)
  Requirement:            0.000ns  (clk rise@0.000ns - clk rise@0.000ns)
  Data Path Delay:        0.098ns  (logic 0.054ns (55.367%)  route 0.044ns (44.633%))
  Logic Levels:           1  (LUT6=1)
  Clock Path Skew:        0.006ns (DCD - SCD - CPR)
    Destination Clock Delay (DCD):    0.018ns
    Source Clock Delay      (SCD):    0.012ns
    Clock Pessimism Removal (CPR):    -0.000ns

    Location             Delay type                Incr(ns)  Path(ns)    Netlist Resource(s)
  -------------------------------------------------------------------    -------------------
                         (clock clk rise edge)        0.000     0.000 r  
                                                      0.000     0.000 r  clk (IN)
                         net (fo=2707, unset)         0.012     0.012    u_wrapper/u_core/clk
    SLICE_X60Y177        FDCE                                         r  u_wrapper/u_core/clr_cnt_reg[4]/C
  -------------------------------------------------------------------    -------------------
    SLICE_X60Y177        FDCE (Prop_BFF_SLICEL_C_Q)
                                                      0.039     0.051 f  u_wrapper/u_core/clr_cnt_reg[4]/Q
                         net (fo=5, routed)           0.029     0.080    u_wrapper/u_core/clr_cnt_reg[4]
    SLICE_X60Y177        LUT6 (Prop_B6LUT_SLICEL_I5_O)
                                                      0.015     0.095 f  u_wrapper/u_core/clr_cnt[4]_i_1/O
                         net (fo=1, routed)           0.015     0.110    u_wrapper/u_core/clr_cnt[4]_i_1_n_0
    SLICE_X60Y177        FDCE                                         f  u_wrapper/u_core/clr_cnt_reg[4]/D
  -------------------------------------------------------------------    -------------------

                         (clock clk rise edge)        0.000     0.000 r  
                                                      0.000     0.000 r  clk (IN)
                         net (fo=2707, unset)         0.018     0.018    u_wrapper/u_core/clk
    SLICE_X60Y177        FDCE                                         r  u_wrapper/u_core/clr_cnt_reg[4]/C
                         clock pessimism              0.000     0.018    
    SLICE_X60Y177        FDCE (Hold_BFF_SLICEL_C_D)
                                                      0.046     0.064    u_wrapper/u_core/clr_cnt_reg[4]
  -------------------------------------------------------------------
                         required time                         -0.064    
                         arrival time                           0.110    
  -------------------------------------------------------------------
                         slack                                  0.046    

Slack (MET) :             0.046ns  (arrival time - required time)
  Source:                 u_wrapper/u_core/ver_step_reg[5]/C
                            (rising edge-triggered cell FDCE clocked by clk  {rise@0.000ns fall@1.000ns period=2.000ns})
  Destination:            u_wrapper/u_core/ver_step_reg[5]/D
                            (rising edge-triggered cell FDCE clocked by clk  {rise@0.000ns fall@1.000ns period=2.000ns})
  Path Group:             clk
  Path Type:              Hold (Min at Fast Process Corner)
  Requirement:            0.000ns  (clk rise@0.000ns - clk rise@0.000ns)
  Data Path Delay:        0.098ns  (logic 0.054ns (55.367%)  route 0.044ns (44.633%))
  Logic Levels:           1  (LUT3=1)
  Clock Path Skew:        0.006ns (DCD - SCD - CPR)
    Destination Clock Delay (DCD):    0.018ns
    Source Clock Delay      (SCD):    0.012ns
    Clock Pessimism Removal (CPR):    -0.000ns

    Location             Delay type                Incr(ns)  Path(ns)    Netlist Resource(s)
  -------------------------------------------------------------------    -------------------
                         (clock clk rise edge)        0.000     0.000 r  
                                                      0.000     0.000 r  clk (IN)
                         net (fo=2707, unset)         0.012     0.012    u_wrapper/u_core/clk
    SLICE_X60Y186        FDCE                                         r  u_wrapper/u_core/ver_step_reg[5]/C
  -------------------------------------------------------------------    -------------------
    SLICE_X60Y186        FDCE (Prop_BFF_SLICEL_C_Q)
                                                      0.039     0.051 r  u_wrapper/u_core/ver_step_reg[5]/Q
                         net (fo=4, routed)           0.029     0.080    u_wrapper/u_core/u_shared_engine/ver_step_reg[6]_0[5]
    SLICE_X60Y186        LUT3 (Prop_B6LUT_SLICEL_I2_O)
                                                      0.015     0.095 r  u_wrapper/u_core/u_shared_engine/ver_step[5]_i_1/O
                         net (fo=1, routed)           0.015     0.110    u_wrapper/u_core/u_shared_engine_n_36
    SLICE_X60Y186        FDCE                                         r  u_wrapper/u_core/ver_step_reg[5]/D
  -------------------------------------------------------------------    -------------------

                         (clock clk rise edge)        0.000     0.000 r  
                                                      0.000     0.000 r  clk (IN)
                         net (fo=2707, unset)         0.018     0.018    u_wrapper/u_core/clk
    SLICE_X60Y186        FDCE                                         r  u_wrapper/u_core/ver_step_reg[5]/C
                         clock pessimism              0.000     0.018    
    SLICE_X60Y186        FDCE (Hold_BFF_SLICEL_C_D)
                                                      0.046     0.064    u_wrapper/u_core/ver_step_reg[5]
  -------------------------------------------------------------------
                         required time                         -0.064    
                         arrival time                           0.110    
  -------------------------------------------------------------------
                         slack                                  0.046    

Slack (MET) :             0.046ns  (arrival time - required time)
  Source:                 u_wrapper/u_core/ver_step_reg[5]/C
                            (rising edge-triggered cell FDCE clocked by clk  {rise@0.000ns fall@1.000ns period=2.000ns})
  Destination:            u_wrapper/u_core/ver_step_reg[5]/D
                            (rising edge-triggered cell FDCE clocked by clk  {rise@0.000ns fall@1.000ns period=2.000ns})
  Path Group:             clk
  Path Type:              Hold (Min at Fast Process Corner)
  Requirement:            0.000ns  (clk rise@0.000ns - clk rise@0.000ns)
  Data Path Delay:        0.098ns  (logic 0.054ns (55.367%)  route 0.044ns (44.633%))
  Logic Levels:           1  (LUT3=1)
  Clock Path Skew:        0.006ns (DCD - SCD - CPR)
    Destination Clock Delay (DCD):    0.018ns
    Source Clock Delay      (SCD):    0.012ns
    Clock Pessimism Removal (CPR):    -0.000ns

    Location             Delay type                Incr(ns)  Path(ns)    Netlist Resource(s)
  -------------------------------------------------------------------    -------------------
                         (clock clk rise edge)        0.000     0.000 r  
                                                      0.000     0.000 r  clk (IN)
                         net (fo=2707, unset)         0.012     0.012    u_wrapper/u_core/clk
    SLICE_X60Y186        FDCE                                         r  u_wrapper/u_core/ver_step_reg[5]/C
  -------------------------------------------------------------------    -------------------
    SLICE_X60Y186        FDCE (Prop_BFF_SLICEL_C_Q)
                                                      0.039     0.051 f  u_wrapper/u_core/ver_step_reg[5]/Q
                         net (fo=4, routed)           0.029     0.080    u_wrapper/u_core/u_shared_engine/ver_step_reg[6]_0[5]
    SLICE_X60Y186        LUT3 (Prop_B6LUT_SLICEL_I2_O)
                                                      0.015     0.095 r  u_wrapper/u_core/u_shared_engine/ver_step[5]_i_1/O
                         net (fo=1, routed)           0.015     0.110    u_wrapper/u_core/u_shared_engine_n_36
    SLICE_X60Y186        FDCE                                         r  u_wrapper/u_core/ver_step_reg[5]/D
  -------------------------------------------------------------------    -------------------

                         (clock clk rise edge)        0.000     0.000 r  
                                                      0.000     0.000 r  clk (IN)
                         net (fo=2707, unset)         0.018     0.018    u_wrapper/u_core/clk
    SLICE_X60Y186        FDCE                                         r  u_wrapper/u_core/ver_step_reg[5]/C
                         clock pessimism              0.000     0.018    
    SLICE_X60Y186        FDCE (Hold_BFF_SLICEL_C_D)
                                                      0.046     0.064    u_wrapper/u_core/ver_step_reg[5]
  -------------------------------------------------------------------
                         required time                         -0.064    
                         arrival time                           0.110    
  -------------------------------------------------------------------
                         slack                                  0.046    

Slack (MET) :             0.046ns  (arrival time - required time)
  Source:                 u_wrapper/u_core/ver_step_reg[5]/C
                            (rising edge-triggered cell FDCE clocked by clk  {rise@0.000ns fall@1.000ns period=2.000ns})
  Destination:            u_wrapper/u_core/ver_step_reg[5]/D
                            (rising edge-triggered cell FDCE clocked by clk  {rise@0.000ns fall@1.000ns period=2.000ns})
  Path Group:             clk
  Path Type:              Hold (Min at Fast Process Corner)
  Requirement:            0.000ns  (clk rise@0.000ns - clk rise@0.000ns)
  Data Path Delay:        0.098ns  (logic 0.054ns (55.367%)  route 0.044ns (44.633%))
  Logic Levels:           1  (LUT3=1)
  Clock Path Skew:        0.006ns (DCD - SCD - CPR)
    Destination Clock Delay (DCD):    0.018ns
    Source Clock Delay      (SCD):    0.012ns
    Clock Pessimism Removal (CPR):    -0.000ns

    Location             Delay type                Incr(ns)  Path(ns)    Netlist Resource(s)
  -------------------------------------------------------------------    -------------------
                         (clock clk rise edge)        0.000     0.000 r  
                                                      0.000     0.000 r  clk (IN)
                         net (fo=2707, unset)         0.012     0.012    u_wrapper/u_core/clk
    SLICE_X60Y186        FDCE                                         r  u_wrapper/u_core/ver_step_reg[5]/C
  -------------------------------------------------------------------    -------------------
    SLICE_X60Y186        FDCE (Prop_BFF_SLICEL_C_Q)
                                                      0.039     0.051 r  u_wrapper/u_core/ver_step_reg[5]/Q
                         net (fo=4, routed)           0.029     0.080    u_wrapper/u_core/u_shared_engine/ver_step_reg[6]_0[5]
    SLICE_X60Y186        LUT3 (Prop_B6LUT_SLICEL_I2_O)
                                                      0.015     0.095 f  u_wrapper/u_core/u_shared_engine/ver_step[5]_i_1/O
                         net (fo=1, routed)           0.015     0.110    u_wrapper/u_core/u_shared_engine_n_36
    SLICE_X60Y186        FDCE                                         f  u_wrapper/u_core/ver_step_reg[5]/D
  -------------------------------------------------------------------    -------------------

                         (clock clk rise edge)        0.000     0.000 r  
                                                      0.000     0.000 r  clk (IN)
                         net (fo=2707, unset)         0.018     0.018    u_wrapper/u_core/clk
    SLICE_X60Y186        FDCE                                         r  u_wrapper/u_core/ver_step_reg[5]/C
                         clock pessimism              0.000     0.018    
    SLICE_X60Y186        FDCE (Hold_BFF_SLICEL_C_D)
                                                      0.046     0.064    u_wrapper/u_core/ver_step_reg[5]
  -------------------------------------------------------------------
                         required time                         -0.064    
                         arrival time                           0.110    
  -------------------------------------------------------------------
                         slack                                  0.046    

Slack (MET) :             0.046ns  (arrival time - required time)
  Source:                 u_wrapper/u_core/ver_step_reg[5]/C
                            (rising edge-triggered cell FDCE clocked by clk  {rise@0.000ns fall@1.000ns period=2.000ns})
  Destination:            u_wrapper/u_core/ver_step_reg[5]/D
                            (rising edge-triggered cell FDCE clocked by clk  {rise@0.000ns fall@1.000ns period=2.000ns})
  Path Group:             clk
  Path Type:              Hold (Min at Fast Process Corner)
  Requirement:            0.000ns  (clk rise@0.000ns - clk rise@0.000ns)
  Data Path Delay:        0.098ns  (logic 0.054ns (55.367%)  route 0.044ns (44.633%))
  Logic Levels:           1  (LUT3=1)
  Clock Path Skew:        0.006ns (DCD - SCD - CPR)
    Destination Clock Delay (DCD):    0.018ns
    Source Clock Delay      (SCD):    0.012ns
    Clock Pessimism Removal (CPR):    -0.000ns

    Location             Delay type                Incr(ns)  Path(ns)    Netlist Resource(s)
  -------------------------------------------------------------------    -------------------
                         (clock clk rise edge)        0.000     0.000 r  
                                                      0.000     0.000 r  clk (IN)
                         net (fo=2707, unset)         0.012     0.012    u_wrapper/u_core/clk
    SLICE_X60Y186        FDCE                                         r  u_wrapper/u_core/ver_step_reg[5]/C
  -------------------------------------------------------------------    -------------------
    SLICE_X60Y186        FDCE (Prop_BFF_SLICEL_C_Q)
                                                      0.039     0.051 f  u_wrapper/u_core/ver_step_reg[5]/Q
                         net (fo=4, routed)           0.029     0.080    u_wrapper/u_core/u_shared_engine/ver_step_reg[6]_0[5]
    SLICE_X60Y186        LUT3 (Prop_B6LUT_SLICEL_I2_O)
                                                      0.015     0.095 f  u_wrapper/u_core/u_shared_engine/ver_step[5]_i_1/O
                         net (fo=1, routed)           0.015     0.110    u_wrapper/u_core/u_shared_engine_n_36
    SLICE_X60Y186        FDCE                                         f  u_wrapper/u_core/ver_step_reg[5]/D
  -------------------------------------------------------------------    -------------------

                         (clock clk rise edge)        0.000     0.000 r  
                                                      0.000     0.000 r  clk (IN)
                         net (fo=2707, unset)         0.018     0.018    u_wrapper/u_core/clk
    SLICE_X60Y186        FDCE                                         r  u_wrapper/u_core/ver_step_reg[5]/C
                         clock pessimism              0.000     0.018    
    SLICE_X60Y186        FDCE (Hold_BFF_SLICEL_C_D)
                                                      0.046     0.064    u_wrapper/u_core/ver_step_reg[5]
  -------------------------------------------------------------------
                         required time                         -0.064    
                         arrival time                           0.110    
  -------------------------------------------------------------------
                         slack                                  0.046    




