Copyright 1986-2022 Xilinx, Inc. All Rights Reserved. Copyright 2022-2024 Advanced Micro Devices, Inc. All Rights Reserved.
--------------------------------------------------------------------------------------------------------------------------------------------------
| Tool Version      : Vivado v.2024.1 (win64) Build 5076996 Wed May 22 18:37:14 MDT 2024
| Date              : Sun Jun 28 23:21:43 2026
| Host              : lab running 64-bit major release  (build 9200)
| Command           : report_timing -hold -nworst 20 -file D:/WorkSpace/its_vvc/synth/top_500_singleclk_timing_hold_paths_usp.rpt
| Design            : its_top_500_singleclk
| Device            : xcku5p-ffvb676
| Speed File        : -2  PRODUCTION 1.29 05-01-2022
| Design State      : Physopt postRoute
| Temperature Grade : E
--------------------------------------------------------------------------------------------------------------------------------------------------

Timing Report

Slack (MET) :             0.035ns  (arrival time - required time)
  Source:                 u_wrapper/u_core/output_fifo_wdata_reg[30]/C
                            (rising edge-triggered cell FDCE clocked by clk  {rise@0.000ns fall@1.000ns period=2.000ns})
  Destination:            u_wrapper/u_output_fifo/mem_reg_0_15_28_39/RAMB/I
                            (rising edge-triggered cell RAMD32 clocked by clk  {rise@0.000ns fall@1.000ns period=2.000ns})
  Path Group:             clk
  Path Type:              Hold (Min at Fast Process Corner)
  Requirement:            0.000ns  (clk rise@0.000ns - clk rise@0.000ns)
  Data Path Delay:        0.115ns  (logic 0.039ns (33.913%)  route 0.076ns (66.087%))
  Logic Levels:           0  
  Clock Path Skew:        0.026ns (DCD - SCD - CPR)
    Destination Clock Delay (DCD):    0.039ns
    Source Clock Delay      (SCD):    0.013ns
    Clock Pessimism Removal (CPR):    -0.000ns

    Location             Delay type                Incr(ns)  Path(ns)    Netlist Resource(s)
  -------------------------------------------------------------------    -------------------
                         (clock clk rise edge)        0.000     0.000 r  
                                                      0.000     0.000 r  clk (IN)
                         net (fo=2704, unset)         0.013     0.013    u_wrapper/u_core/clk
    SLICE_X60Y118        FDCE                                         r  u_wrapper/u_core/output_fifo_wdata_reg[30]/C
  -------------------------------------------------------------------    -------------------
    SLICE_X60Y118        FDCE (Prop_HFF_SLICEL_C_Q)
                                                      0.039     0.052 r  u_wrapper/u_core/output_fifo_wdata_reg[30]/Q
                         net (fo=1, routed)           0.076     0.128    u_wrapper/u_output_fifo/mem_reg_0_15_28_39/DIB0
    SLICE_X61Y119        RAMD32                                       r  u_wrapper/u_output_fifo/mem_reg_0_15_28_39/RAMB/I
  -------------------------------------------------------------------    -------------------

                         (clock clk rise edge)        0.000     0.000 r  
                                                      0.000     0.000 r  clk (IN)
                         net (fo=2704, unset)         0.039     0.039    u_wrapper/u_output_fifo/mem_reg_0_15_28_39/WCLK
    SLICE_X61Y119        RAMD32                                       r  u_wrapper/u_output_fifo/mem_reg_0_15_28_39/RAMB/CLK
                         clock pessimism              0.000     0.039    
    SLICE_X61Y119        RAMD32 (Hold_B5LUT_SLICEM_CLK_I)
                                                      0.054     0.093    u_wrapper/u_output_fifo/mem_reg_0_15_28_39/RAMB
  -------------------------------------------------------------------
                         required time                         -0.093    
                         arrival time                           0.128    
  -------------------------------------------------------------------
                         slack                                  0.035    

Slack (MET) :             0.035ns  (arrival time - required time)
  Source:                 u_wrapper/u_core/output_fifo_wdata_reg[30]/C
                            (rising edge-triggered cell FDCE clocked by clk  {rise@0.000ns fall@1.000ns period=2.000ns})
  Destination:            u_wrapper/u_output_fifo/mem_reg_0_15_28_39/RAMB/I
                            (rising edge-triggered cell RAMD32 clocked by clk  {rise@0.000ns fall@1.000ns period=2.000ns})
  Path Group:             clk
  Path Type:              Hold (Min at Fast Process Corner)
  Requirement:            0.000ns  (clk rise@0.000ns - clk rise@0.000ns)
  Data Path Delay:        0.115ns  (logic 0.039ns (33.913%)  route 0.076ns (66.087%))
  Logic Levels:           0  
  Clock Path Skew:        0.026ns (DCD - SCD - CPR)
    Destination Clock Delay (DCD):    0.039ns
    Source Clock Delay      (SCD):    0.013ns
    Clock Pessimism Removal (CPR):    -0.000ns

    Location             Delay type                Incr(ns)  Path(ns)    Netlist Resource(s)
  -------------------------------------------------------------------    -------------------
                         (clock clk rise edge)        0.000     0.000 r  
                                                      0.000     0.000 r  clk (IN)
                         net (fo=2704, unset)         0.013     0.013    u_wrapper/u_core/clk
    SLICE_X60Y118        FDCE                                         r  u_wrapper/u_core/output_fifo_wdata_reg[30]/C
  -------------------------------------------------------------------    -------------------
    SLICE_X60Y118        FDCE (Prop_HFF_SLICEL_C_Q)
                                                      0.039     0.052 f  u_wrapper/u_core/output_fifo_wdata_reg[30]/Q
                         net (fo=1, routed)           0.076     0.128    u_wrapper/u_output_fifo/mem_reg_0_15_28_39/DIB0
    SLICE_X61Y119        RAMD32                                       f  u_wrapper/u_output_fifo/mem_reg_0_15_28_39/RAMB/I
  -------------------------------------------------------------------    -------------------

                         (clock clk rise edge)        0.000     0.000 r  
                                                      0.000     0.000 r  clk (IN)
                         net (fo=2704, unset)         0.039     0.039    u_wrapper/u_output_fifo/mem_reg_0_15_28_39/WCLK
    SLICE_X61Y119        RAMD32                                       r  u_wrapper/u_output_fifo/mem_reg_0_15_28_39/RAMB/CLK
                         clock pessimism              0.000     0.039    
    SLICE_X61Y119        RAMD32 (Hold_B5LUT_SLICEM_CLK_I)
                                                      0.054     0.093    u_wrapper/u_output_fifo/mem_reg_0_15_28_39/RAMB
  -------------------------------------------------------------------
                         required time                         -0.093    
                         arrival time                           0.128    
  -------------------------------------------------------------------
                         slack                                  0.035    

Slack (MET) :             0.040ns  (arrival time - required time)
  Source:                 u_wrapper/u_core/u_lfnst/load_cnt_reg[1]/C
                            (rising edge-triggered cell FDCE clocked by clk  {rise@0.000ns fall@1.000ns period=2.000ns})
  Destination:            u_wrapper/u_core/u_lfnst/in_buf_reg_0_15_0_13/RAMA/WADR1
                            (rising edge-triggered cell RAMD32 clocked by clk  {rise@0.000ns fall@1.000ns period=2.000ns})
  Path Group:             clk
  Path Type:              Hold (Min at Fast Process Corner)
  Requirement:            0.000ns  (clk rise@0.000ns - clk rise@0.000ns)
  Data Path Delay:        0.127ns  (logic 0.039ns (30.795%)  route 0.088ns (69.205%))
  Logic Levels:           0  
  Clock Path Skew:        0.026ns (DCD - SCD - CPR)
    Destination Clock Delay (DCD):    0.039ns
    Source Clock Delay      (SCD):    0.013ns
    Clock Pessimism Removal (CPR):    -0.000ns

    Location             Delay type                Incr(ns)  Path(ns)    Netlist Resource(s)
  -------------------------------------------------------------------    -------------------
                         (clock clk rise edge)        0.000     0.000 r  
                                                      0.000     0.000 r  clk (IN)
                         net (fo=2704, unset)         0.013     0.013    u_wrapper/u_core/u_lfnst/clk
    SLICE_X71Y137        FDCE                                         r  u_wrapper/u_core/u_lfnst/load_cnt_reg[1]/C
  -------------------------------------------------------------------    -------------------
    SLICE_X71Y137        FDCE (Prop_CFF2_SLICEM_C_Q)
                                                      0.039     0.052 r  u_wrapper/u_core/u_lfnst/load_cnt_reg[1]/Q
                         net (fo=28, routed)          0.088     0.140    u_wrapper/u_core/u_lfnst/in_buf_reg_0_15_0_13/ADDRH1
    SLICE_X71Y135        RAMD32                                       r  u_wrapper/u_core/u_lfnst/in_buf_reg_0_15_0_13/RAMA/WADR1
  -------------------------------------------------------------------    -------------------

                         (clock clk rise edge)        0.000     0.000 r  
                                                      0.000     0.000 r  clk (IN)
                         net (fo=2704, unset)         0.039     0.039    u_wrapper/u_core/u_lfnst/in_buf_reg_0_15_0_13/WCLK
    SLICE_X71Y135        RAMD32                                       r  u_wrapper/u_core/u_lfnst/in_buf_reg_0_15_0_13/RAMA/CLK
                         clock pessimism              0.000     0.039    
    SLICE_X71Y135        RAMD32 (Hold_A5LUT_SLICEM_CLK_WADR1)
                                                      0.061     0.100    u_wrapper/u_core/u_lfnst/in_buf_reg_0_15_0_13/RAMA
  -------------------------------------------------------------------
                         required time                         -0.100    
                         arrival time                           0.140    
  -------------------------------------------------------------------
                         slack                                  0.040    

Slack (MET) :             0.040ns  (arrival time - required time)
  Source:                 u_wrapper/u_core/u_lfnst/load_cnt_reg[1]/C
                            (rising edge-triggered cell FDCE clocked by clk  {rise@0.000ns fall@1.000ns period=2.000ns})
  Destination:            u_wrapper/u_core/u_lfnst/in_buf_reg_0_15_0_13/RAMA/WADR1
                            (rising edge-triggered cell RAMD32 clocked by clk  {rise@0.000ns fall@1.000ns period=2.000ns})
  Path Group:             clk
  Path Type:              Hold (Min at Fast Process Corner)
  Requirement:            0.000ns  (clk rise@0.000ns - clk rise@0.000ns)
  Data Path Delay:        0.127ns  (logic 0.039ns (30.795%)  route 0.088ns (69.205%))
  Logic Levels:           0  
  Clock Path Skew:        0.026ns (DCD - SCD - CPR)
    Destination Clock Delay (DCD):    0.039ns
    Source Clock Delay      (SCD):    0.013ns
    Clock Pessimism Removal (CPR):    -0.000ns

    Location             Delay type                Incr(ns)  Path(ns)    Netlist Resource(s)
  -------------------------------------------------------------------    -------------------
                         (clock clk rise edge)        0.000     0.000 r  
                                                      0.000     0.000 r  clk (IN)
                         net (fo=2704, unset)         0.013     0.013    u_wrapper/u_core/u_lfnst/clk
    SLICE_X71Y137        FDCE                                         r  u_wrapper/u_core/u_lfnst/load_cnt_reg[1]/C
  -------------------------------------------------------------------    -------------------
    SLICE_X71Y137        FDCE (Prop_CFF2_SLICEM_C_Q)
                                                      0.039     0.052 f  u_wrapper/u_core/u_lfnst/load_cnt_reg[1]/Q
                         net (fo=28, routed)          0.088     0.140    u_wrapper/u_core/u_lfnst/in_buf_reg_0_15_0_13/ADDRH1
    SLICE_X71Y135        RAMD32                                       f  u_wrapper/u_core/u_lfnst/in_buf_reg_0_15_0_13/RAMA/WADR1
  -------------------------------------------------------------------    -------------------

                         (clock clk rise edge)        0.000     0.000 r  
                                                      0.000     0.000 r  clk (IN)
                         net (fo=2704, unset)         0.039     0.039    u_wrapper/u_core/u_lfnst/in_buf_reg_0_15_0_13/WCLK
    SLICE_X71Y135        RAMD32                                       r  u_wrapper/u_core/u_lfnst/in_buf_reg_0_15_0_13/RAMA/CLK
                         clock pessimism              0.000     0.039    
    SLICE_X71Y135        RAMD32 (Hold_A5LUT_SLICEM_CLK_WADR1)
                                                      0.061     0.100    u_wrapper/u_core/u_lfnst/in_buf_reg_0_15_0_13/RAMA
  -------------------------------------------------------------------
                         required time                         -0.100    
                         arrival time                           0.140    
  -------------------------------------------------------------------
                         slack                                  0.040    

Slack (MET) :             0.040ns  (arrival time - required time)
  Source:                 u_wrapper/u_core/u_lfnst/load_cnt_reg[1]/C
                            (rising edge-triggered cell FDCE clocked by clk  {rise@0.000ns fall@1.000ns period=2.000ns})
  Destination:            u_wrapper/u_core/u_lfnst/in_buf_reg_0_15_0_13/RAMA_D1/WADR1
                            (rising edge-triggered cell RAMD32 clocked by clk  {rise@0.000ns fall@1.000ns period=2.000ns})
  Path Group:             clk
  Path Type:              Hold (Min at Fast Process Corner)
  Requirement:            0.000ns  (clk rise@0.000ns - clk rise@0.000ns)
  Data Path Delay:        0.127ns  (logic 0.039ns (30.795%)  route 0.088ns (69.205%))
  Logic Levels:           0  
  Clock Path Skew:        0.026ns (DCD - SCD - CPR)
    Destination Clock Delay (DCD):    0.039ns
    Source Clock Delay      (SCD):    0.013ns
    Clock Pessimism Removal (CPR):    -0.000ns

    Location             Delay type                Incr(ns)  Path(ns)    Netlist Resource(s)
  -------------------------------------------------------------------    -------------------
                         (clock clk rise edge)        0.000     0.000 r  
                                                      0.000     0.000 r  clk (IN)
                         net (fo=2704, unset)         0.013     0.013    u_wrapper/u_core/u_lfnst/clk
    SLICE_X71Y137        FDCE                                         r  u_wrapper/u_core/u_lfnst/load_cnt_reg[1]/C
  -------------------------------------------------------------------    -------------------
    SLICE_X71Y137        FDCE (Prop_CFF2_SLICEM_C_Q)
                                                      0.039     0.052 r  u_wrapper/u_core/u_lfnst/load_cnt_reg[1]/Q
                         net (fo=28, routed)          0.088     0.140    u_wrapper/u_core/u_lfnst/in_buf_reg_0_15_0_13/ADDRH1
    SLICE_X71Y135        RAMD32                                       r  u_wrapper/u_core/u_lfnst/in_buf_reg_0_15_0_13/RAMA_D1/WADR1
  -------------------------------------------------------------------    -------------------

                         (clock clk rise edge)        0.000     0.000 r  
                                                      0.000     0.000 r  clk (IN)
                         net (fo=2704, unset)         0.039     0.039    u_wrapper/u_core/u_lfnst/in_buf_reg_0_15_0_13/WCLK
    SLICE_X71Y135        RAMD32                                       r  u_wrapper/u_core/u_lfnst/in_buf_reg_0_15_0_13/RAMA_D1/CLK
                         clock pessimism              0.000     0.039    
    SLICE_X71Y135        RAMD32 (Hold_A6LUT_SLICEM_CLK_WADR1)
                                                      0.061     0.100    u_wrapper/u_core/u_lfnst/in_buf_reg_0_15_0_13/RAMA_D1
  -------------------------------------------------------------------
                         required time                         -0.100    
                         arrival time                           0.140    
  -------------------------------------------------------------------
                         slack                                  0.040    

Slack (MET) :             0.040ns  (arrival time - required time)
  Source:                 u_wrapper/u_core/u_lfnst/load_cnt_reg[1]/C
                            (rising edge-triggered cell FDCE clocked by clk  {rise@0.000ns fall@1.000ns period=2.000ns})
  Destination:            u_wrapper/u_core/u_lfnst/in_buf_reg_0_15_0_13/RAMA_D1/WADR1
                            (rising edge-triggered cell RAMD32 clocked by clk  {rise@0.000ns fall@1.000ns period=2.000ns})
  Path Group:             clk
  Path Type:              Hold (Min at Fast Process Corner)
  Requirement:            0.000ns  (clk rise@0.000ns - clk rise@0.000ns)
  Data Path Delay:        0.127ns  (logic 0.039ns (30.795%)  route 0.088ns (69.205%))
  Logic Levels:           0  
  Clock Path Skew:        0.026ns (DCD - SCD - CPR)
    Destination Clock Delay (DCD):    0.039ns
    Source Clock Delay      (SCD):    0.013ns
    Clock Pessimism Removal (CPR):    -0.000ns

    Location             Delay type                Incr(ns)  Path(ns)    Netlist Resource(s)
  -------------------------------------------------------------------    -------------------
                         (clock clk rise edge)        0.000     0.000 r  
                                                      0.000     0.000 r  clk (IN)
                         net (fo=2704, unset)         0.013     0.013    u_wrapper/u_core/u_lfnst/clk
    SLICE_X71Y137        FDCE                                         r  u_wrapper/u_core/u_lfnst/load_cnt_reg[1]/C
  -------------------------------------------------------------------    -------------------
    SLICE_X71Y137        FDCE (Prop_CFF2_SLICEM_C_Q)
                                                      0.039     0.052 f  u_wrapper/u_core/u_lfnst/load_cnt_reg[1]/Q
                         net (fo=28, routed)          0.088     0.140    u_wrapper/u_core/u_lfnst/in_buf_reg_0_15_0_13/ADDRH1
    SLICE_X71Y135        RAMD32                                       f  u_wrapper/u_core/u_lfnst/in_buf_reg_0_15_0_13/RAMA_D1/WADR1
  -------------------------------------------------------------------    -------------------

                         (clock clk rise edge)        0.000     0.000 r  
                                                      0.000     0.000 r  clk (IN)
                         net (fo=2704, unset)         0.039     0.039    u_wrapper/u_core/u_lfnst/in_buf_reg_0_15_0_13/WCLK
    SLICE_X71Y135        RAMD32                                       r  u_wrapper/u_core/u_lfnst/in_buf_reg_0_15_0_13/RAMA_D1/CLK
                         clock pessimism              0.000     0.039    
    SLICE_X71Y135        RAMD32 (Hold_A6LUT_SLICEM_CLK_WADR1)
                                                      0.061     0.100    u_wrapper/u_core/u_lfnst/in_buf_reg_0_15_0_13/RAMA_D1
  -------------------------------------------------------------------
                         required time                         -0.100    
                         arrival time                           0.140    
  -------------------------------------------------------------------
                         slack                                  0.040    

Slack (MET) :             0.040ns  (arrival time - required time)
  Source:                 u_wrapper/u_core/u_lfnst/load_cnt_reg[1]/C
                            (rising edge-triggered cell FDCE clocked by clk  {rise@0.000ns fall@1.000ns period=2.000ns})
  Destination:            u_wrapper/u_core/u_lfnst/in_buf_reg_0_15_0_13/RAMB/WADR1
                            (rising edge-triggered cell RAMD32 clocked by clk  {rise@0.000ns fall@1.000ns period=2.000ns})
  Path Group:             clk
  Path Type:              Hold (Min at Fast Process Corner)
  Requirement:            0.000ns  (clk rise@0.000ns - clk rise@0.000ns)
  Data Path Delay:        0.127ns  (logic 0.039ns (30.795%)  route 0.088ns (69.205%))
  Logic Levels:           0  
  Clock Path Skew:        0.026ns (DCD - SCD - CPR)
    Destination Clock Delay (DCD):    0.039ns
    Source Clock Delay      (SCD):    0.013ns
    Clock Pessimism Removal (CPR):    -0.000ns

    Location             Delay type                Incr(ns)  Path(ns)    Netlist Resource(s)
  -------------------------------------------------------------------    -------------------
                         (clock clk rise edge)        0.000     0.000 r  
                                                      0.000     0.000 r  clk (IN)
                         net (fo=2704, unset)         0.013     0.013    u_wrapper/u_core/u_lfnst/clk
    SLICE_X71Y137        FDCE                                         r  u_wrapper/u_core/u_lfnst/load_cnt_reg[1]/C
  -------------------------------------------------------------------    -------------------
    SLICE_X71Y137        FDCE (Prop_CFF2_SLICEM_C_Q)
                                                      0.039     0.052 r  u_wrapper/u_core/u_lfnst/load_cnt_reg[1]/Q
                         net (fo=28, routed)          0.088     0.140    u_wrapper/u_core/u_lfnst/in_buf_reg_0_15_0_13/ADDRH1
    SLICE_X71Y135        RAMD32                                       r  u_wrapper/u_core/u_lfnst/in_buf_reg_0_15_0_13/RAMB/WADR1
  -------------------------------------------------------------------    -------------------

                         (clock clk rise edge)        0.000     0.000 r  
                                                      0.000     0.000 r  clk (IN)
                         net (fo=2704, unset)         0.039     0.039    u_wrapper/u_core/u_lfnst/in_buf_reg_0_15_0_13/WCLK
    SLICE_X71Y135        RAMD32                                       r  u_wrapper/u_core/u_lfnst/in_buf_reg_0_15_0_13/RAMB/CLK
                         clock pessimism              0.000     0.039    
    SLICE_X71Y135        RAMD32 (Hold_B5LUT_SLICEM_CLK_WADR1)
                                                      0.061     0.100    u_wrapper/u_core/u_lfnst/in_buf_reg_0_15_0_13/RAMB
  -------------------------------------------------------------------
                         required time                         -0.100    
                         arrival time                           0.140    
  -------------------------------------------------------------------
                         slack                                  0.040    

Slack (MET) :             0.040ns  (arrival time - required time)
  Source:                 u_wrapper/u_core/u_lfnst/load_cnt_reg[1]/C
                            (rising edge-triggered cell FDCE clocked by clk  {rise@0.000ns fall@1.000ns period=2.000ns})
  Destination:            u_wrapper/u_core/u_lfnst/in_buf_reg_0_15_0_13/RAMB/WADR1
                            (rising edge-triggered cell RAMD32 clocked by clk  {rise@0.000ns fall@1.000ns period=2.000ns})
  Path Group:             clk
  Path Type:              Hold (Min at Fast Process Corner)
  Requirement:            0.000ns  (clk rise@0.000ns - clk rise@0.000ns)
  Data Path Delay:        0.127ns  (logic 0.039ns (30.795%)  route 0.088ns (69.205%))
  Logic Levels:           0  
  Clock Path Skew:        0.026ns (DCD - SCD - CPR)
    Destination Clock Delay (DCD):    0.039ns
    Source Clock Delay      (SCD):    0.013ns
    Clock Pessimism Removal (CPR):    -0.000ns

    Location             Delay type                Incr(ns)  Path(ns)    Netlist Resource(s)
  -------------------------------------------------------------------    -------------------
                         (clock clk rise edge)        0.000     0.000 r  
                                                      0.000     0.000 r  clk (IN)
                         net (fo=2704, unset)         0.013     0.013    u_wrapper/u_core/u_lfnst/clk
    SLICE_X71Y137        FDCE                                         r  u_wrapper/u_core/u_lfnst/load_cnt_reg[1]/C
  -------------------------------------------------------------------    -------------------
    SLICE_X71Y137        FDCE (Prop_CFF2_SLICEM_C_Q)
                                                      0.039     0.052 f  u_wrapper/u_core/u_lfnst/load_cnt_reg[1]/Q
                         net (fo=28, routed)          0.088     0.140    u_wrapper/u_core/u_lfnst/in_buf_reg_0_15_0_13/ADDRH1
    SLICE_X71Y135        RAMD32                                       f  u_wrapper/u_core/u_lfnst/in_buf_reg_0_15_0_13/RAMB/WADR1
  -------------------------------------------------------------------    -------------------

                         (clock clk rise edge)        0.000     0.000 r  
                                                      0.000     0.000 r  clk (IN)
                         net (fo=2704, unset)         0.039     0.039    u_wrapper/u_core/u_lfnst/in_buf_reg_0_15_0_13/WCLK
    SLICE_X71Y135        RAMD32                                       r  u_wrapper/u_core/u_lfnst/in_buf_reg_0_15_0_13/RAMB/CLK
                         clock pessimism              0.000     0.039    
    SLICE_X71Y135        RAMD32 (Hold_B5LUT_SLICEM_CLK_WADR1)
                                                      0.061     0.100    u_wrapper/u_core/u_lfnst/in_buf_reg_0_15_0_13/RAMB
  -------------------------------------------------------------------
                         required time                         -0.100    
                         arrival time                           0.140    
  -------------------------------------------------------------------
                         slack                                  0.040    

Slack (MET) :             0.040ns  (arrival time - required time)
  Source:                 u_wrapper/u_core/u_lfnst/load_cnt_reg[1]/C
                            (rising edge-triggered cell FDCE clocked by clk  {rise@0.000ns fall@1.000ns period=2.000ns})
  Destination:            u_wrapper/u_core/u_lfnst/in_buf_reg_0_15_0_13/RAMB_D1/WADR1
                            (rising edge-triggered cell RAMD32 clocked by clk  {rise@0.000ns fall@1.000ns period=2.000ns})
  Path Group:             clk
  Path Type:              Hold (Min at Fast Process Corner)
  Requirement:            0.000ns  (clk rise@0.000ns - clk rise@0.000ns)
  Data Path Delay:        0.127ns  (logic 0.039ns (30.795%)  route 0.088ns (69.205%))
  Logic Levels:           0  
  Clock Path Skew:        0.026ns (DCD - SCD - CPR)
    Destination Clock Delay (DCD):    0.039ns
    Source Clock Delay      (SCD):    0.013ns
    Clock Pessimism Removal (CPR):    -0.000ns

    Location             Delay type                Incr(ns)  Path(ns)    Netlist Resource(s)
  -------------------------------------------------------------------    -------------------
                         (clock clk rise edge)        0.000     0.000 r  
                                                      0.000     0.000 r  clk (IN)
                         net (fo=2704, unset)         0.013     0.013    u_wrapper/u_core/u_lfnst/clk
    SLICE_X71Y137        FDCE                                         r  u_wrapper/u_core/u_lfnst/load_cnt_reg[1]/C
  -------------------------------------------------------------------    -------------------
    SLICE_X71Y137        FDCE (Prop_CFF2_SLICEM_C_Q)
                                                      0.039     0.052 r  u_wrapper/u_core/u_lfnst/load_cnt_reg[1]/Q
                         net (fo=28, routed)          0.088     0.140    u_wrapper/u_core/u_lfnst/in_buf_reg_0_15_0_13/ADDRH1
    SLICE_X71Y135        RAMD32                                       r  u_wrapper/u_core/u_lfnst/in_buf_reg_0_15_0_13/RAMB_D1/WADR1
  -------------------------------------------------------------------    -------------------

                         (clock clk rise edge)        0.000     0.000 r  
                                                      0.000     0.000 r  clk (IN)
                         net (fo=2704, unset)         0.039     0.039    u_wrapper/u_core/u_lfnst/in_buf_reg_0_15_0_13/WCLK
    SLICE_X71Y135        RAMD32                                       r  u_wrapper/u_core/u_lfnst/in_buf_reg_0_15_0_13/RAMB_D1/CLK
                         clock pessimism              0.000     0.039    
    SLICE_X71Y135        RAMD32 (Hold_B6LUT_SLICEM_CLK_WADR1)
                                                      0.061     0.100    u_wrapper/u_core/u_lfnst/in_buf_reg_0_15_0_13/RAMB_D1
  -------------------------------------------------------------------
                         required time                         -0.100    
                         arrival time                           0.140    
  -------------------------------------------------------------------
                         slack                                  0.040    

Slack (MET) :             0.040ns  (arrival time - required time)
  Source:                 u_wrapper/u_core/u_lfnst/load_cnt_reg[1]/C
                            (rising edge-triggered cell FDCE clocked by clk  {rise@0.000ns fall@1.000ns period=2.000ns})
  Destination:            u_wrapper/u_core/u_lfnst/in_buf_reg_0_15_0_13/RAMB_D1/WADR1
                            (rising edge-triggered cell RAMD32 clocked by clk  {rise@0.000ns fall@1.000ns period=2.000ns})
  Path Group:             clk
  Path Type:              Hold (Min at Fast Process Corner)
  Requirement:            0.000ns  (clk rise@0.000ns - clk rise@0.000ns)
  Data Path Delay:        0.127ns  (logic 0.039ns (30.795%)  route 0.088ns (69.205%))
  Logic Levels:           0  
  Clock Path Skew:        0.026ns (DCD - SCD - CPR)
    Destination Clock Delay (DCD):    0.039ns
    Source Clock Delay      (SCD):    0.013ns
    Clock Pessimism Removal (CPR):    -0.000ns

    Location             Delay type                Incr(ns)  Path(ns)    Netlist Resource(s)
  -------------------------------------------------------------------    -------------------
                         (clock clk rise edge)        0.000     0.000 r  
                                                      0.000     0.000 r  clk (IN)
                         net (fo=2704, unset)         0.013     0.013    u_wrapper/u_core/u_lfnst/clk
    SLICE_X71Y137        FDCE                                         r  u_wrapper/u_core/u_lfnst/load_cnt_reg[1]/C
  -------------------------------------------------------------------    -------------------
    SLICE_X71Y137        FDCE (Prop_CFF2_SLICEM_C_Q)
                                                      0.039     0.052 f  u_wrapper/u_core/u_lfnst/load_cnt_reg[1]/Q
                         net (fo=28, routed)          0.088     0.140    u_wrapper/u_core/u_lfnst/in_buf_reg_0_15_0_13/ADDRH1
    SLICE_X71Y135        RAMD32                                       f  u_wrapper/u_core/u_lfnst/in_buf_reg_0_15_0_13/RAMB_D1/WADR1
  -------------------------------------------------------------------    -------------------

                         (clock clk rise edge)        0.000     0.000 r  
                                                      0.000     0.000 r  clk (IN)
                         net (fo=2704, unset)         0.039     0.039    u_wrapper/u_core/u_lfnst/in_buf_reg_0_15_0_13/WCLK
    SLICE_X71Y135        RAMD32                                       r  u_wrapper/u_core/u_lfnst/in_buf_reg_0_15_0_13/RAMB_D1/CLK
                         clock pessimism              0.000     0.039    
    SLICE_X71Y135        RAMD32 (Hold_B6LUT_SLICEM_CLK_WADR1)
                                                      0.061     0.100    u_wrapper/u_core/u_lfnst/in_buf_reg_0_15_0_13/RAMB_D1
  -------------------------------------------------------------------
                         required time                         -0.100    
                         arrival time                           0.140    
  -------------------------------------------------------------------
                         slack                                  0.040    

Slack (MET) :             0.040ns  (arrival time - required time)
  Source:                 u_wrapper/u_core/u_lfnst/load_cnt_reg[1]/C
                            (rising edge-triggered cell FDCE clocked by clk  {rise@0.000ns fall@1.000ns period=2.000ns})
  Destination:            u_wrapper/u_core/u_lfnst/in_buf_reg_0_15_0_13/RAMC/WADR1
                            (rising edge-triggered cell RAMD32 clocked by clk  {rise@0.000ns fall@1.000ns period=2.000ns})
  Path Group:             clk
  Path Type:              Hold (Min at Fast Process Corner)
  Requirement:            0.000ns  (clk rise@0.000ns - clk rise@0.000ns)
  Data Path Delay:        0.127ns  (logic 0.039ns (30.795%)  route 0.088ns (69.205%))
  Logic Levels:           0  
  Clock Path Skew:        0.026ns (DCD - SCD - CPR)
    Destination Clock Delay (DCD):    0.039ns
    Source Clock Delay      (SCD):    0.013ns
    Clock Pessimism Removal (CPR):    -0.000ns

    Location             Delay type                Incr(ns)  Path(ns)    Netlist Resource(s)
  -------------------------------------------------------------------    -------------------
                         (clock clk rise edge)        0.000     0.000 r  
                                                      0.000     0.000 r  clk (IN)
                         net (fo=2704, unset)         0.013     0.013    u_wrapper/u_core/u_lfnst/clk
    SLICE_X71Y137        FDCE                                         r  u_wrapper/u_core/u_lfnst/load_cnt_reg[1]/C
  -------------------------------------------------------------------    -------------------
    SLICE_X71Y137        FDCE (Prop_CFF2_SLICEM_C_Q)
                                                      0.039     0.052 r  u_wrapper/u_core/u_lfnst/load_cnt_reg[1]/Q
                         net (fo=28, routed)          0.088     0.140    u_wrapper/u_core/u_lfnst/in_buf_reg_0_15_0_13/ADDRH1
    SLICE_X71Y135        RAMD32                                       r  u_wrapper/u_core/u_lfnst/in_buf_reg_0_15_0_13/RAMC/WADR1
  -------------------------------------------------------------------    -------------------

                         (clock clk rise edge)        0.000     0.000 r  
                                                      0.000     0.000 r  clk (IN)
                         net (fo=2704, unset)         0.039     0.039    u_wrapper/u_core/u_lfnst/in_buf_reg_0_15_0_13/WCLK
    SLICE_X71Y135        RAMD32                                       r  u_wrapper/u_core/u_lfnst/in_buf_reg_0_15_0_13/RAMC/CLK
                         clock pessimism              0.000     0.039    
    SLICE_X71Y135        RAMD32 (Hold_C5LUT_SLICEM_CLK_WADR1)
                                                      0.061     0.100    u_wrapper/u_core/u_lfnst/in_buf_reg_0_15_0_13/RAMC
  -------------------------------------------------------------------
                         required time                         -0.100    
                         arrival time                           0.140    
  -------------------------------------------------------------------
                         slack                                  0.040    

Slack (MET) :             0.040ns  (arrival time - required time)
  Source:                 u_wrapper/u_core/u_lfnst/load_cnt_reg[1]/C
                            (rising edge-triggered cell FDCE clocked by clk  {rise@0.000ns fall@1.000ns period=2.000ns})
  Destination:            u_wrapper/u_core/u_lfnst/in_buf_reg_0_15_0_13/RAMC/WADR1
                            (rising edge-triggered cell RAMD32 clocked by clk  {rise@0.000ns fall@1.000ns period=2.000ns})
  Path Group:             clk
  Path Type:              Hold (Min at Fast Process Corner)
  Requirement:            0.000ns  (clk rise@0.000ns - clk rise@0.000ns)
  Data Path Delay:        0.127ns  (logic 0.039ns (30.795%)  route 0.088ns (69.205%))
  Logic Levels:           0  
  Clock Path Skew:        0.026ns (DCD - SCD - CPR)
    Destination Clock Delay (DCD):    0.039ns
    Source Clock Delay      (SCD):    0.013ns
    Clock Pessimism Removal (CPR):    -0.000ns

    Location             Delay type                Incr(ns)  Path(ns)    Netlist Resource(s)
  -------------------------------------------------------------------    -------------------
                         (clock clk rise edge)        0.000     0.000 r  
                                                      0.000     0.000 r  clk (IN)
                         net (fo=2704, unset)         0.013     0.013    u_wrapper/u_core/u_lfnst/clk
    SLICE_X71Y137        FDCE                                         r  u_wrapper/u_core/u_lfnst/load_cnt_reg[1]/C
  -------------------------------------------------------------------    -------------------
    SLICE_X71Y137        FDCE (Prop_CFF2_SLICEM_C_Q)
                                                      0.039     0.052 f  u_wrapper/u_core/u_lfnst/load_cnt_reg[1]/Q
                         net (fo=28, routed)          0.088     0.140    u_wrapper/u_core/u_lfnst/in_buf_reg_0_15_0_13/ADDRH1
    SLICE_X71Y135        RAMD32                                       f  u_wrapper/u_core/u_lfnst/in_buf_reg_0_15_0_13/RAMC/WADR1
  -------------------------------------------------------------------    -------------------

                         (clock clk rise edge)        0.000     0.000 r  
                                                      0.000     0.000 r  clk (IN)
                         net (fo=2704, unset)         0.039     0.039    u_wrapper/u_core/u_lfnst/in_buf_reg_0_15_0_13/WCLK
    SLICE_X71Y135        RAMD32                                       r  u_wrapper/u_core/u_lfnst/in_buf_reg_0_15_0_13/RAMC/CLK
                         clock pessimism              0.000     0.039    
    SLICE_X71Y135        RAMD32 (Hold_C5LUT_SLICEM_CLK_WADR1)
                                                      0.061     0.100    u_wrapper/u_core/u_lfnst/in_buf_reg_0_15_0_13/RAMC
  -------------------------------------------------------------------
                         required time                         -0.100    
                         arrival time                           0.140    
  -------------------------------------------------------------------
                         slack                                  0.040    

Slack (MET) :             0.040ns  (arrival time - required time)
  Source:                 u_wrapper/u_core/u_lfnst/load_cnt_reg[1]/C
                            (rising edge-triggered cell FDCE clocked by clk  {rise@0.000ns fall@1.000ns period=2.000ns})
  Destination:            u_wrapper/u_core/u_lfnst/in_buf_reg_0_15_0_13/RAMC_D1/WADR1
                            (rising edge-triggered cell RAMD32 clocked by clk  {rise@0.000ns fall@1.000ns period=2.000ns})
  Path Group:             clk
  Path Type:              Hold (Min at Fast Process Corner)
  Requirement:            0.000ns  (clk rise@0.000ns - clk rise@0.000ns)
  Data Path Delay:        0.127ns  (logic 0.039ns (30.795%)  route 0.088ns (69.205%))
  Logic Levels:           0  
  Clock Path Skew:        0.026ns (DCD - SCD - CPR)
    Destination Clock Delay (DCD):    0.039ns
    Source Clock Delay      (SCD):    0.013ns
    Clock Pessimism Removal (CPR):    -0.000ns

    Location             Delay type                Incr(ns)  Path(ns)    Netlist Resource(s)
  -------------------------------------------------------------------    -------------------
                         (clock clk rise edge)        0.000     0.000 r  
                                                      0.000     0.000 r  clk (IN)
                         net (fo=2704, unset)         0.013     0.013    u_wrapper/u_core/u_lfnst/clk
    SLICE_X71Y137        FDCE                                         r  u_wrapper/u_core/u_lfnst/load_cnt_reg[1]/C
  -------------------------------------------------------------------    -------------------
    SLICE_X71Y137        FDCE (Prop_CFF2_SLICEM_C_Q)
                                                      0.039     0.052 r  u_wrapper/u_core/u_lfnst/load_cnt_reg[1]/Q
                         net (fo=28, routed)          0.088     0.140    u_wrapper/u_core/u_lfnst/in_buf_reg_0_15_0_13/ADDRH1
    SLICE_X71Y135        RAMD32                                       r  u_wrapper/u_core/u_lfnst/in_buf_reg_0_15_0_13/RAMC_D1/WADR1
  -------------------------------------------------------------------    -------------------

                         (clock clk rise edge)        0.000     0.000 r  
                                                      0.000     0.000 r  clk (IN)
                         net (fo=2704, unset)         0.039     0.039    u_wrapper/u_core/u_lfnst/in_buf_reg_0_15_0_13/WCLK
    SLICE_X71Y135        RAMD32                                       r  u_wrapper/u_core/u_lfnst/in_buf_reg_0_15_0_13/RAMC_D1/CLK
                         clock pessimism              0.000     0.039    
    SLICE_X71Y135        RAMD32 (Hold_C6LUT_SLICEM_CLK_WADR1)
                                                      0.061     0.100    u_wrapper/u_core/u_lfnst/in_buf_reg_0_15_0_13/RAMC_D1
  -------------------------------------------------------------------
                         required time                         -0.100    
                         arrival time                           0.140    
  -------------------------------------------------------------------
                         slack                                  0.040    

Slack (MET) :             0.040ns  (arrival time - required time)
  Source:                 u_wrapper/u_core/u_lfnst/load_cnt_reg[1]/C
                            (rising edge-triggered cell FDCE clocked by clk  {rise@0.000ns fall@1.000ns period=2.000ns})
  Destination:            u_wrapper/u_core/u_lfnst/in_buf_reg_0_15_0_13/RAMC_D1/WADR1
                            (rising edge-triggered cell RAMD32 clocked by clk  {rise@0.000ns fall@1.000ns period=2.000ns})
  Path Group:             clk
  Path Type:              Hold (Min at Fast Process Corner)
  Requirement:            0.000ns  (clk rise@0.000ns - clk rise@0.000ns)
  Data Path Delay:        0.127ns  (logic 0.039ns (30.795%)  route 0.088ns (69.205%))
  Logic Levels:           0  
  Clock Path Skew:        0.026ns (DCD - SCD - CPR)
    Destination Clock Delay (DCD):    0.039ns
    Source Clock Delay      (SCD):    0.013ns
    Clock Pessimism Removal (CPR):    -0.000ns

    Location             Delay type                Incr(ns)  Path(ns)    Netlist Resource(s)
  -------------------------------------------------------------------    -------------------
                         (clock clk rise edge)        0.000     0.000 r  
                                                      0.000     0.000 r  clk (IN)
                         net (fo=2704, unset)         0.013     0.013    u_wrapper/u_core/u_lfnst/clk
    SLICE_X71Y137        FDCE                                         r  u_wrapper/u_core/u_lfnst/load_cnt_reg[1]/C
  -------------------------------------------------------------------    -------------------
    SLICE_X71Y137        FDCE (Prop_CFF2_SLICEM_C_Q)
                                                      0.039     0.052 f  u_wrapper/u_core/u_lfnst/load_cnt_reg[1]/Q
                         net (fo=28, routed)          0.088     0.140    u_wrapper/u_core/u_lfnst/in_buf_reg_0_15_0_13/ADDRH1
    SLICE_X71Y135        RAMD32                                       f  u_wrapper/u_core/u_lfnst/in_buf_reg_0_15_0_13/RAMC_D1/WADR1
  -------------------------------------------------------------------    -------------------

                         (clock clk rise edge)        0.000     0.000 r  
                                                      0.000     0.000 r  clk (IN)
                         net (fo=2704, unset)         0.039     0.039    u_wrapper/u_core/u_lfnst/in_buf_reg_0_15_0_13/WCLK
    SLICE_X71Y135        RAMD32                                       r  u_wrapper/u_core/u_lfnst/in_buf_reg_0_15_0_13/RAMC_D1/CLK
                         clock pessimism              0.000     0.039    
    SLICE_X71Y135        RAMD32 (Hold_C6LUT_SLICEM_CLK_WADR1)
                                                      0.061     0.100    u_wrapper/u_core/u_lfnst/in_buf_reg_0_15_0_13/RAMC_D1
  -------------------------------------------------------------------
                         required time                         -0.100    
                         arrival time                           0.140    
  -------------------------------------------------------------------
                         slack                                  0.040    

Slack (MET) :             0.040ns  (arrival time - required time)
  Source:                 u_wrapper/u_core/u_lfnst/load_cnt_reg[1]/C
                            (rising edge-triggered cell FDCE clocked by clk  {rise@0.000ns fall@1.000ns period=2.000ns})
  Destination:            u_wrapper/u_core/u_lfnst/in_buf_reg_0_15_0_13/RAMD/WADR1
                            (rising edge-triggered cell RAMD32 clocked by clk  {rise@0.000ns fall@1.000ns period=2.000ns})
  Path Group:             clk
  Path Type:              Hold (Min at Fast Process Corner)
  Requirement:            0.000ns  (clk rise@0.000ns - clk rise@0.000ns)
  Data Path Delay:        0.127ns  (logic 0.039ns (30.795%)  route 0.088ns (69.205%))
  Logic Levels:           0  
  Clock Path Skew:        0.026ns (DCD - SCD - CPR)
    Destination Clock Delay (DCD):    0.039ns
    Source Clock Delay      (SCD):    0.013ns
    Clock Pessimism Removal (CPR):    -0.000ns

    Location             Delay type                Incr(ns)  Path(ns)    Netlist Resource(s)
  -------------------------------------------------------------------    -------------------
                         (clock clk rise edge)        0.000     0.000 r  
                                                      0.000     0.000 r  clk (IN)
                         net (fo=2704, unset)         0.013     0.013    u_wrapper/u_core/u_lfnst/clk
    SLICE_X71Y137        FDCE                                         r  u_wrapper/u_core/u_lfnst/load_cnt_reg[1]/C
  -------------------------------------------------------------------    -------------------
    SLICE_X71Y137        FDCE (Prop_CFF2_SLICEM_C_Q)
                                                      0.039     0.052 r  u_wrapper/u_core/u_lfnst/load_cnt_reg[1]/Q
                         net (fo=28, routed)          0.088     0.140    u_wrapper/u_core/u_lfnst/in_buf_reg_0_15_0_13/ADDRH1
    SLICE_X71Y135        RAMD32                                       r  u_wrapper/u_core/u_lfnst/in_buf_reg_0_15_0_13/RAMD/WADR1
  -------------------------------------------------------------------    -------------------

                         (clock clk rise edge)        0.000     0.000 r  
                                                      0.000     0.000 r  clk (IN)
                         net (fo=2704, unset)         0.039     0.039    u_wrapper/u_core/u_lfnst/in_buf_reg_0_15_0_13/WCLK
    SLICE_X71Y135        RAMD32                                       r  u_wrapper/u_core/u_lfnst/in_buf_reg_0_15_0_13/RAMD/CLK
                         clock pessimism              0.000     0.039    
    SLICE_X71Y135        RAMD32 (Hold_D5LUT_SLICEM_CLK_WADR1)
                                                      0.061     0.100    u_wrapper/u_core/u_lfnst/in_buf_reg_0_15_0_13/RAMD
  -------------------------------------------------------------------
                         required time                         -0.100    
                         arrival time                           0.140    
  -------------------------------------------------------------------
                         slack                                  0.040    

Slack (MET) :             0.040ns  (arrival time - required time)
  Source:                 u_wrapper/u_core/u_lfnst/load_cnt_reg[1]/C
                            (rising edge-triggered cell FDCE clocked by clk  {rise@0.000ns fall@1.000ns period=2.000ns})
  Destination:            u_wrapper/u_core/u_lfnst/in_buf_reg_0_15_0_13/RAMD/WADR1
                            (rising edge-triggered cell RAMD32 clocked by clk  {rise@0.000ns fall@1.000ns period=2.000ns})
  Path Group:             clk
  Path Type:              Hold (Min at Fast Process Corner)
  Requirement:            0.000ns  (clk rise@0.000ns - clk rise@0.000ns)
  Data Path Delay:        0.127ns  (logic 0.039ns (30.795%)  route 0.088ns (69.205%))
  Logic Levels:           0  
  Clock Path Skew:        0.026ns (DCD - SCD - CPR)
    Destination Clock Delay (DCD):    0.039ns
    Source Clock Delay      (SCD):    0.013ns
    Clock Pessimism Removal (CPR):    -0.000ns

    Location             Delay type                Incr(ns)  Path(ns)    Netlist Resource(s)
  -------------------------------------------------------------------    -------------------
                         (clock clk rise edge)        0.000     0.000 r  
                                                      0.000     0.000 r  clk (IN)
                         net (fo=2704, unset)         0.013     0.013    u_wrapper/u_core/u_lfnst/clk
    SLICE_X71Y137        FDCE                                         r  u_wrapper/u_core/u_lfnst/load_cnt_reg[1]/C
  -------------------------------------------------------------------    -------------------
    SLICE_X71Y137        FDCE (Prop_CFF2_SLICEM_C_Q)
                                                      0.039     0.052 f  u_wrapper/u_core/u_lfnst/load_cnt_reg[1]/Q
                         net (fo=28, routed)          0.088     0.140    u_wrapper/u_core/u_lfnst/in_buf_reg_0_15_0_13/ADDRH1
    SLICE_X71Y135        RAMD32                                       f  u_wrapper/u_core/u_lfnst/in_buf_reg_0_15_0_13/RAMD/WADR1
  -------------------------------------------------------------------    -------------------

                         (clock clk rise edge)        0.000     0.000 r  
                                                      0.000     0.000 r  clk (IN)
                         net (fo=2704, unset)         0.039     0.039    u_wrapper/u_core/u_lfnst/in_buf_reg_0_15_0_13/WCLK
    SLICE_X71Y135        RAMD32                                       r  u_wrapper/u_core/u_lfnst/in_buf_reg_0_15_0_13/RAMD/CLK
                         clock pessimism              0.000     0.039    
    SLICE_X71Y135        RAMD32 (Hold_D5LUT_SLICEM_CLK_WADR1)
                                                      0.061     0.100    u_wrapper/u_core/u_lfnst/in_buf_reg_0_15_0_13/RAMD
  -------------------------------------------------------------------
                         required time                         -0.100    
                         arrival time                           0.140    
  -------------------------------------------------------------------
                         slack                                  0.040    

Slack (MET) :             0.040ns  (arrival time - required time)
  Source:                 u_wrapper/u_core/u_lfnst/load_cnt_reg[1]/C
                            (rising edge-triggered cell FDCE clocked by clk  {rise@0.000ns fall@1.000ns period=2.000ns})
  Destination:            u_wrapper/u_core/u_lfnst/in_buf_reg_0_15_0_13/RAMD_D1/WADR1
                            (rising edge-triggered cell RAMD32 clocked by clk  {rise@0.000ns fall@1.000ns period=2.000ns})
  Path Group:             clk
  Path Type:              Hold (Min at Fast Process Corner)
  Requirement:            0.000ns  (clk rise@0.000ns - clk rise@0.000ns)
  Data Path Delay:        0.127ns  (logic 0.039ns (30.795%)  route 0.088ns (69.205%))
  Logic Levels:           0  
  Clock Path Skew:        0.026ns (DCD - SCD - CPR)
    Destination Clock Delay (DCD):    0.039ns
    Source Clock Delay      (SCD):    0.013ns
    Clock Pessimism Removal (CPR):    -0.000ns

    Location             Delay type                Incr(ns)  Path(ns)    Netlist Resource(s)
  -------------------------------------------------------------------    -------------------
                         (clock clk rise edge)        0.000     0.000 r  
                                                      0.000     0.000 r  clk (IN)
                         net (fo=2704, unset)         0.013     0.013    u_wrapper/u_core/u_lfnst/clk
    SLICE_X71Y137        FDCE                                         r  u_wrapper/u_core/u_lfnst/load_cnt_reg[1]/C
  -------------------------------------------------------------------    -------------------
    SLICE_X71Y137        FDCE (Prop_CFF2_SLICEM_C_Q)
                                                      0.039     0.052 r  u_wrapper/u_core/u_lfnst/load_cnt_reg[1]/Q
                         net (fo=28, routed)          0.088     0.140    u_wrapper/u_core/u_lfnst/in_buf_reg_0_15_0_13/ADDRH1
    SLICE_X71Y135        RAMD32                                       r  u_wrapper/u_core/u_lfnst/in_buf_reg_0_15_0_13/RAMD_D1/WADR1
  -------------------------------------------------------------------    -------------------

                         (clock clk rise edge)        0.000     0.000 r  
                                                      0.000     0.000 r  clk (IN)
                         net (fo=2704, unset)         0.039     0.039    u_wrapper/u_core/u_lfnst/in_buf_reg_0_15_0_13/WCLK
    SLICE_X71Y135        RAMD32                                       r  u_wrapper/u_core/u_lfnst/in_buf_reg_0_15_0_13/RAMD_D1/CLK
                         clock pessimism              0.000     0.039    
    SLICE_X71Y135        RAMD32 (Hold_D6LUT_SLICEM_CLK_WADR1)
                                                      0.061     0.100    u_wrapper/u_core/u_lfnst/in_buf_reg_0_15_0_13/RAMD_D1
  -------------------------------------------------------------------
                         required time                         -0.100    
                         arrival time                           0.140    
  -------------------------------------------------------------------
                         slack                                  0.040    

Slack (MET) :             0.040ns  (arrival time - required time)
  Source:                 u_wrapper/u_core/u_lfnst/load_cnt_reg[1]/C
                            (rising edge-triggered cell FDCE clocked by clk  {rise@0.000ns fall@1.000ns period=2.000ns})
  Destination:            u_wrapper/u_core/u_lfnst/in_buf_reg_0_15_0_13/RAMD_D1/WADR1
                            (rising edge-triggered cell RAMD32 clocked by clk  {rise@0.000ns fall@1.000ns period=2.000ns})
  Path Group:             clk
  Path Type:              Hold (Min at Fast Process Corner)
  Requirement:            0.000ns  (clk rise@0.000ns - clk rise@0.000ns)
  Data Path Delay:        0.127ns  (logic 0.039ns (30.795%)  route 0.088ns (69.205%))
  Logic Levels:           0  
  Clock Path Skew:        0.026ns (DCD - SCD - CPR)
    Destination Clock Delay (DCD):    0.039ns
    Source Clock Delay      (SCD):    0.013ns
    Clock Pessimism Removal (CPR):    -0.000ns

    Location             Delay type                Incr(ns)  Path(ns)    Netlist Resource(s)
  -------------------------------------------------------------------    -------------------
                         (clock clk rise edge)        0.000     0.000 r  
                                                      0.000     0.000 r  clk (IN)
                         net (fo=2704, unset)         0.013     0.013    u_wrapper/u_core/u_lfnst/clk
    SLICE_X71Y137        FDCE                                         r  u_wrapper/u_core/u_lfnst/load_cnt_reg[1]/C
  -------------------------------------------------------------------    -------------------
    SLICE_X71Y137        FDCE (Prop_CFF2_SLICEM_C_Q)
                                                      0.039     0.052 f  u_wrapper/u_core/u_lfnst/load_cnt_reg[1]/Q
                         net (fo=28, routed)          0.088     0.140    u_wrapper/u_core/u_lfnst/in_buf_reg_0_15_0_13/ADDRH1
    SLICE_X71Y135        RAMD32                                       f  u_wrapper/u_core/u_lfnst/in_buf_reg_0_15_0_13/RAMD_D1/WADR1
  -------------------------------------------------------------------    -------------------

                         (clock clk rise edge)        0.000     0.000 r  
                                                      0.000     0.000 r  clk (IN)
                         net (fo=2704, unset)         0.039     0.039    u_wrapper/u_core/u_lfnst/in_buf_reg_0_15_0_13/WCLK
    SLICE_X71Y135        RAMD32                                       r  u_wrapper/u_core/u_lfnst/in_buf_reg_0_15_0_13/RAMD_D1/CLK
                         clock pessimism              0.000     0.039    
    SLICE_X71Y135        RAMD32 (Hold_D6LUT_SLICEM_CLK_WADR1)
                                                      0.061     0.100    u_wrapper/u_core/u_lfnst/in_buf_reg_0_15_0_13/RAMD_D1
  -------------------------------------------------------------------
                         required time                         -0.100    
                         arrival time                           0.140    
  -------------------------------------------------------------------
                         slack                                  0.040    

Slack (MET) :             0.040ns  (arrival time - required time)
  Source:                 u_wrapper/u_core/u_lfnst/load_cnt_reg[1]/C
                            (rising edge-triggered cell FDCE clocked by clk  {rise@0.000ns fall@1.000ns period=2.000ns})
  Destination:            u_wrapper/u_core/u_lfnst/in_buf_reg_0_15_0_13/RAME/WADR1
                            (rising edge-triggered cell RAMD32 clocked by clk  {rise@0.000ns fall@1.000ns period=2.000ns})
  Path Group:             clk
  Path Type:              Hold (Min at Fast Process Corner)
  Requirement:            0.000ns  (clk rise@0.000ns - clk rise@0.000ns)
  Data Path Delay:        0.127ns  (logic 0.039ns (30.795%)  route 0.088ns (69.205%))
  Logic Levels:           0  
  Clock Path Skew:        0.026ns (DCD - SCD - CPR)
    Destination Clock Delay (DCD):    0.039ns
    Source Clock Delay      (SCD):    0.013ns
    Clock Pessimism Removal (CPR):    -0.000ns

    Location             Delay type                Incr(ns)  Path(ns)    Netlist Resource(s)
  -------------------------------------------------------------------    -------------------
                         (clock clk rise edge)        0.000     0.000 r  
                                                      0.000     0.000 r  clk (IN)
                         net (fo=2704, unset)         0.013     0.013    u_wrapper/u_core/u_lfnst/clk
    SLICE_X71Y137        FDCE                                         r  u_wrapper/u_core/u_lfnst/load_cnt_reg[1]/C
  -------------------------------------------------------------------    -------------------
    SLICE_X71Y137        FDCE (Prop_CFF2_SLICEM_C_Q)
                                                      0.039     0.052 r  u_wrapper/u_core/u_lfnst/load_cnt_reg[1]/Q
                         net (fo=28, routed)          0.088     0.140    u_wrapper/u_core/u_lfnst/in_buf_reg_0_15_0_13/ADDRH1
    SLICE_X71Y135        RAMD32                                       r  u_wrapper/u_core/u_lfnst/in_buf_reg_0_15_0_13/RAME/WADR1
  -------------------------------------------------------------------    -------------------

                         (clock clk rise edge)        0.000     0.000 r  
                                                      0.000     0.000 r  clk (IN)
                         net (fo=2704, unset)         0.039     0.039    u_wrapper/u_core/u_lfnst/in_buf_reg_0_15_0_13/WCLK
    SLICE_X71Y135        RAMD32                                       r  u_wrapper/u_core/u_lfnst/in_buf_reg_0_15_0_13/RAME/CLK
                         clock pessimism              0.000     0.039    
    SLICE_X71Y135        RAMD32 (Hold_E5LUT_SLICEM_CLK_WADR1)
                                                      0.061     0.100    u_wrapper/u_core/u_lfnst/in_buf_reg_0_15_0_13/RAME
  -------------------------------------------------------------------
                         required time                         -0.100    
                         arrival time                           0.140    
  -------------------------------------------------------------------
                         slack                                  0.040    

Slack (MET) :             0.040ns  (arrival time - required time)
  Source:                 u_wrapper/u_core/u_lfnst/load_cnt_reg[1]/C
                            (rising edge-triggered cell FDCE clocked by clk  {rise@0.000ns fall@1.000ns period=2.000ns})
  Destination:            u_wrapper/u_core/u_lfnst/in_buf_reg_0_15_0_13/RAME/WADR1
                            (rising edge-triggered cell RAMD32 clocked by clk  {rise@0.000ns fall@1.000ns period=2.000ns})
  Path Group:             clk
  Path Type:              Hold (Min at Fast Process Corner)
  Requirement:            0.000ns  (clk rise@0.000ns - clk rise@0.000ns)
  Data Path Delay:        0.127ns  (logic 0.039ns (30.795%)  route 0.088ns (69.205%))
  Logic Levels:           0  
  Clock Path Skew:        0.026ns (DCD - SCD - CPR)
    Destination Clock Delay (DCD):    0.039ns
    Source Clock Delay      (SCD):    0.013ns
    Clock Pessimism Removal (CPR):    -0.000ns

    Location             Delay type                Incr(ns)  Path(ns)    Netlist Resource(s)
  -------------------------------------------------------------------    -------------------
                         (clock clk rise edge)        0.000     0.000 r  
                                                      0.000     0.000 r  clk (IN)
                         net (fo=2704, unset)         0.013     0.013    u_wrapper/u_core/u_lfnst/clk
    SLICE_X71Y137        FDCE                                         r  u_wrapper/u_core/u_lfnst/load_cnt_reg[1]/C
  -------------------------------------------------------------------    -------------------
    SLICE_X71Y137        FDCE (Prop_CFF2_SLICEM_C_Q)
                                                      0.039     0.052 f  u_wrapper/u_core/u_lfnst/load_cnt_reg[1]/Q
                         net (fo=28, routed)          0.088     0.140    u_wrapper/u_core/u_lfnst/in_buf_reg_0_15_0_13/ADDRH1
    SLICE_X71Y135        RAMD32                                       f  u_wrapper/u_core/u_lfnst/in_buf_reg_0_15_0_13/RAME/WADR1
  -------------------------------------------------------------------    -------------------

                         (clock clk rise edge)        0.000     0.000 r  
                                                      0.000     0.000 r  clk (IN)
                         net (fo=2704, unset)         0.039     0.039    u_wrapper/u_core/u_lfnst/in_buf_reg_0_15_0_13/WCLK
    SLICE_X71Y135        RAMD32                                       r  u_wrapper/u_core/u_lfnst/in_buf_reg_0_15_0_13/RAME/CLK
                         clock pessimism              0.000     0.039    
    SLICE_X71Y135        RAMD32 (Hold_E5LUT_SLICEM_CLK_WADR1)
                                                      0.061     0.100    u_wrapper/u_core/u_lfnst/in_buf_reg_0_15_0_13/RAME
  -------------------------------------------------------------------
                         required time                         -0.100    
                         arrival time                           0.140    
  -------------------------------------------------------------------
                         slack                                  0.040    




